#
# There is insufficient memory for the Java Runtime Environment to continue.
# Native memory allocation (malloc) failed to allocate 1048576 bytes. Error detail: AllocateHeap
# Possible reasons:
#   The system is out of physical RAM or swap space
#   This process is running with CompressedOops enabled, and the Java Heap may be blocking the growth of the native heap
# Possible solutions:
#   Reduce memory load on the system
#   Increase physical memory or swap space
#   Check if swap backing store is full
#   Decrease Java heap size (-Xmx/-Xms)
#   Decrease number of Java threads
#   Decrease Java thread stack sizes (-Xss)
#   Set larger code cache with -XX:ReservedCodeCacheSize=
#   JVM is running with Unscaled Compressed Oops mode in which the Java heap is
#     placed in the first 4GB address space. The Java Heap base address is the
#     maximum limit for the native heap growth. Please use -XX:HeapBaseMinAddress
#     to set the Java Heap base and to place the Java Heap above 4GB virtual address.
# This output file may be truncated or incomplete.
#
#  Out of Memory Error (allocation.cpp:44), pid=15592, tid=18816
#
# JRE version: OpenJDK Runtime Environment Temurin-21.0.9+10 (21.0.9+10) (build 21.0.9+10-LTS)
# Java VM: OpenJDK 64-Bit Server VM Temurin-21.0.9+10 (21.0.9+10-LTS, mixed mode, sharing, tiered, compressed oops, compressed class ptrs, parallel gc, windows-amd64)
# No core dump will be written. Minidumps are not enabled by default on client versions of Windows
#

---------------  S U M M A R Y ------------

Command Line: --add-modules=ALL-SYSTEM --add-opens=java.base/java.util=ALL-UNNAMED --add-opens=java.base/java.lang=ALL-UNNAMED --add-opens=java.base/sun.nio.fs=ALL-UNNAMED -Declipse.application=org.eclipse.jdt.ls.core.id1 -Dosgi.bundles.defaultStartLevel=4 -Declipse.product=org.eclipse.jdt.ls.core.product -Djava.import.generatesMetadataFilesAtProjectRoot=false -DDetectVMInstallationsJob.disabled=true -Dfile.encoding=utf8 -XX:+UseParallelGC -XX:GCTimeRatio=4 -XX:AdaptiveSizePolicyWeight=90 -Dsun.zip.disableMemoryMapping=true -Xmx2G -Xms100m -Xlog:disable -javaagent:c:\Users\l.berrio\.vscode\extensions\redhat.java-1.51.0-win32-x64\lombok\lombok-1.18.39-4050.jar -XX:+HeapDumpOnOutOfMemoryError -XX:HeapDumpPath=c:\Users\l.berrio\AppData\Roaming\Code\User\workspaceStorage\c916545acdffd9926c3f3515752457de\redhat.java -Daether.dependencyCollector.impl=bf c:\Users\l.berrio\.vscode\extensions\redhat.java-1.51.0-win32-x64\server\plugins\org.eclipse.equinox.launcher_1.7.100.v20251111-0406.jar -configuration c:\Users\l.berrio\AppData\Roaming\Code\User\globalStorage\redhat.java\1.51.0\config_win -data c:\Users\l.berrio\AppData\Roaming\Code\User\workspaceStorage\c916545acdffd9926c3f3515752457de\redhat.java\jdt_ws --pipe=\\.\pipe\lsp-7c0b0435d9464cfe21892a1d293c6665-sock

Host: 11th Gen Intel(R) Core(TM) i7-1165G7 @ 2.80GHz, 8 cores, 15G,  Windows 11 , 64 bit Build 26100 (10.0.26100.7623)
Time: Fri Jan 30 13:01:51 2026 Hora est. Pacífico, Sudamérica elapsed time: 105141.988387 seconds (1d 5h 12m 21s)

---------------  T H R E A D  ---------------

Current thread (0x0000021b76402660):  JavaThread "Attach Listener" daemon [_thread_in_vm, id=18816, stack(0x000000f1d3d00000,0x000000f1d3e00000) (1024K)]

Stack: [0x000000f1d3d00000,0x000000f1d3e00000]
Native frames: (J=compiled Java code, j=interpreted, Vv=VM code, C=native code)
V  [jvm.dll+0x6d6e29]
V  [jvm.dll+0x8b4b76]
V  [jvm.dll+0x8b712e]
V  [jvm.dll+0x8b7813]
V  [jvm.dll+0x283d86]
V  [jvm.dll+0xc1277]
V  [jvm.dll+0x6d76d9]
V  [jvm.dll+0x133466]
V  [jvm.dll+0x3f7ea6]
V  [jvm.dll+0x85e9ad]
V  [jvm.dll+0x6d565d]
C  [ucrtbase.dll+0x37b0]
C  [KERNEL32.DLL+0x2e8d7]
C  [ntdll.dll+0x8c53c]


---------------  P R O C E S S  ---------------

Threads class SMR info:
_java_thread_list=0x0000021b577d8590, length=41, elements={
0x0000021b764810e0, 0x0000021b763f8400, 0x0000021b763fca80, 0x0000021b76401990,
0x0000021b76402660, 0x0000021b764050c0, 0x0000021b76406460, 0x0000021b76409b40,
0x0000021b7f70b530, 0x0000021b7f8a5590, 0x0000021b7f9c5510, 0x0000021b548e2580,
0x0000021b54858f10, 0x0000021b5471adc0, 0x0000021b5471bbf0, 0x0000021b5479cf10,
0x0000021b54078040, 0x0000021b7fa14900, 0x0000021b7f707950, 0x0000021b5421df70,
0x0000021b57a6e8f0, 0x0000021b57a70330, 0x0000021b57a6d540, 0x0000021b57a709c0,
0x0000021b57a71050, 0x0000021b57a6dbd0, 0x0000021b57a744d0, 0x0000021b57a72400,
0x0000021b57a74b60, 0x0000021b57a716e0, 0x0000021b57a71d70, 0x0000021b57a72a90,
0x0000021b57a73120, 0x0000021b57a737b0, 0x0000021b5421d8e0, 0x0000021b5421e600,
0x0000021b55e46fb0, 0x0000021b565e6ba0, 0x0000021b55e45570, 0x0000021b55e43b30,
0x0000021b55e44850
}

Java Threads: ( => current thread )
  0x0000021b764810e0 JavaThread "main"                              [_thread_blocked, id=21512, stack(0x000000f1d3600000,0x000000f1d3700000) (1024K)]
  0x0000021b763f8400 JavaThread "Reference Handler"          daemon [_thread_blocked, id=22288, stack(0x000000f1d3a00000,0x000000f1d3b00000) (1024K)]
  0x0000021b763fca80 JavaThread "Finalizer"                  daemon [_thread_blocked, id=18944, stack(0x000000f1d3b00000,0x000000f1d3c00000) (1024K)]
  0x0000021b76401990 JavaThread "Signal Dispatcher"          daemon [_thread_blocked, id=4888, stack(0x000000f1d3c00000,0x000000f1d3d00000) (1024K)]
=>0x0000021b76402660 JavaThread "Attach Listener"            daemon [_thread_in_vm, id=18816, stack(0x000000f1d3d00000,0x000000f1d3e00000) (1024K)]
  0x0000021b764050c0 JavaThread "Service Thread"             daemon [_thread_blocked, id=21888, stack(0x000000f1d3e00000,0x000000f1d3f00000) (1024K)]
  0x0000021b76406460 JavaThread "Monitor Deflation Thread"   daemon [_thread_blocked, id=7844, stack(0x000000f1d3f00000,0x000000f1d4000000) (1024K)]
  0x0000021b76409b40 JavaThread "C2 CompilerThread0"         daemon [_thread_blocked, id=9272, stack(0x000000f1d4000000,0x000000f1d4100000) (1024K)]
  0x0000021b7f70b530 JavaThread "C1 CompilerThread0"         daemon [_thread_blocked, id=13496, stack(0x000000f1d4100000,0x000000f1d4200000) (1024K)]
  0x0000021b7f8a5590 JavaThread "Common-Cleaner"             daemon [_thread_blocked, id=13824, stack(0x000000f1d4200000,0x000000f1d4300000) (1024K)]
  0x0000021b7f9c5510 JavaThread "Notification Thread"        daemon [_thread_blocked, id=19956, stack(0x000000f1d4300000,0x000000f1d4400000) (1024K)]
  0x0000021b548e2580 JavaThread "Active Thread: Equinox Container: c4fa4d8c-b494-4c94-b974-604e51561423"        [_thread_blocked, id=9664, stack(0x000000f1d4c00000,0x000000f1d4d00000) (1024K)]
  0x0000021b54858f10 JavaThread "Refresh Thread: Equinox Container: c4fa4d8c-b494-4c94-b974-604e51561423" daemon [_thread_blocked, id=16480, stack(0x000000f1d4b00000,0x000000f1d4c00000) (1024K)]
  0x0000021b5471adc0 JavaThread "Framework Event Dispatcher: Equinox Container: c4fa4d8c-b494-4c94-b974-604e51561423" daemon [_thread_blocked, id=5500, stack(0x000000f1d4d00000,0x000000f1d4e00000) (1024K)]
  0x0000021b5471bbf0 JavaThread "Start Level: Equinox Container: c4fa4d8c-b494-4c94-b974-604e51561423" daemon [_thread_blocked, id=26860, stack(0x000000f1d4e00000,0x000000f1d4f00000) (1024K)]
  0x0000021b5479cf10 JavaThread "Bundle File Closer"         daemon [_thread_blocked, id=21088, stack(0x000000f1d4f00000,0x000000f1d5000000) (1024K)]
  0x0000021b54078040 JavaThread "SCR Component Actor"        daemon [_thread_blocked, id=28468, stack(0x000000f1d5000000,0x000000f1d5100000) (1024K)]
  0x0000021b7fa14900 JavaThread "Worker-JM"                         [_thread_blocked, id=28504, stack(0x000000f1d5100000,0x000000f1d5200000) (1024K)]
  0x0000021b7f707950 JavaThread "JNA Cleaner"                daemon [_thread_blocked, id=12656, stack(0x000000f1d5200000,0x000000f1d5300000) (1024K)]
  0x0000021b5421df70 JavaThread "Java indexing"              daemon [_thread_blocked, id=19368, stack(0x000000f1d5700000,0x000000f1d5800000) (1024K)]
  0x0000021b57a6e8f0 JavaThread "Thread-1"                   daemon [_thread_in_native, id=28068, stack(0x000000f1d5d00000,0x000000f1d5e00000) (1024K)]
  0x0000021b57a70330 JavaThread "Thread-2"                   daemon [_thread_in_native, id=28040, stack(0x000000f1d5e00000,0x000000f1d5f00000) (1024K)]
  0x0000021b57a6d540 JavaThread "Thread-3"                   daemon [_thread_in_native, id=27764, stack(0x000000f1d5f00000,0x000000f1d6000000) (1024K)]
  0x0000021b57a709c0 JavaThread "Thread-4"                   daemon [_thread_in_native, id=27988, stack(0x000000f1d6000000,0x000000f1d6100000) (1024K)]
  0x0000021b57a71050 JavaThread "Thread-5"                   daemon [_thread_in_native, id=27680, stack(0x000000f1d6100000,0x000000f1d6200000) (1024K)]
  0x0000021b57a6dbd0 JavaThread "Thread-6"                   daemon [_thread_in_native, id=20676, stack(0x000000f1d6200000,0x000000f1d6300000) (1024K)]
  0x0000021b57a744d0 JavaThread "Thread-7"                   daemon [_thread_in_native, id=27992, stack(0x000000f1d6300000,0x000000f1d6400000) (1024K)]
  0x0000021b57a72400 JavaThread "Thread-8"                   daemon [_thread_in_native, id=28000, stack(0x000000f1d6400000,0x000000f1d6500000) (1024K)]
  0x0000021b57a74b60 JavaThread "Thread-9"                   daemon [_thread_in_native, id=27984, stack(0x000000f1d6500000,0x000000f1d6600000) (1024K)]
  0x0000021b57a716e0 JavaThread "pool-2-thread-1"                   [_thread_blocked, id=28148, stack(0x000000f1d6600000,0x000000f1d6700000) (1024K)]
  0x0000021b57a71d70 JavaThread "WorkspaceEventsHandler"            [_thread_blocked, id=28080, stack(0x000000f1d6700000,0x000000f1d6800000) (1024K)]
  0x0000021b57a72a90 JavaThread "pool-1-thread-1"                   [_thread_blocked, id=27804, stack(0x000000f1d6800000,0x000000f1d6900000) (1024K)]
  0x0000021b57a73120 JavaThread "Cleaner-0"                  daemon [_thread_blocked, id=27884, stack(0x000000f1d5c00000,0x000000f1d5d00000) (1024K)]
  0x0000021b57a737b0 JavaThread "Java Debug Server"          daemon [_thread_in_native, id=27656, stack(0x000000f1d6900000,0x000000f1d6a00000) (1024K)]
  0x0000021b5421d8e0 JavaThread "RxSchedulerPurge-1"         daemon [_thread_blocked, id=30396, stack(0x000000f1d5900000,0x000000f1d5a00000) (1024K)]
  0x0000021b5421e600 JavaThread "RxCachedWorkerPoolEvictor-1" daemon [_thread_blocked, id=24920, stack(0x000000f1d5a00000,0x000000f1d5b00000) (1024K)]
  0x0000021b55e46fb0 JavaThread "pool-4-thread-9"                   [_thread_in_native, id=6032, stack(0x000000f1d7200000,0x000000f1d7300000) (1024K)]
  0x0000021b565e6ba0 JavaThread "Worker-51"                         [_thread_blocked, id=22056, stack(0x000000f1d3300000,0x000000f1d3400000) (1024K)]
  0x0000021b55e45570 JavaThread "Worker-56"                         [_thread_blocked, id=8976, stack(0x000000f1d6c00000,0x000000f1d6d00000) (1024K)]
  0x0000021b55e43b30 JavaThread "RxNewThreadScheduler-29"    daemon [_thread_blocked, id=25776, stack(0x000000f1d3400000,0x000000f1d3500000) (1024K)]
  0x0000021b55e44850 JavaThread "process reaper (pid 23080)" daemon [_thread_in_native, id=29084, stack(0x000000f1d2f60000,0x000000f1d2f80000) (128K)]
Total: 41

Other Threads:
  0x0000021b763f1480 VMThread "VM Thread"                           [id=18812, stack(0x000000f1d3900000,0x000000f1d3a00000) (1024K)]
  0x0000021b764efa10 WatcherThread "VM Periodic Task Thread"        [id=21444, stack(0x000000f1d3800000,0x000000f1d3900000) (1024K)]
  0x0000021b7649fa50 WorkerThread "GC Thread#0"                     [id=4640, stack(0x000000f1d3700000,0x000000f1d3800000) (1024K)]
  0x0000021b54511e50 WorkerThread "GC Thread#1"                     [id=22660, stack(0x000000f1d4400000,0x000000f1d4500000) (1024K)]
  0x0000021b54510340 WorkerThread "GC Thread#2"                     [id=14648, stack(0x000000f1d4500000,0x000000f1d4600000) (1024K)]
  0x0000021b543a83c0 WorkerThread "GC Thread#3"                     [id=15624, stack(0x000000f1d4600000,0x000000f1d4700000) (1024K)]
  0x0000021b544a97a0 WorkerThread "GC Thread#4"                     [id=20108, stack(0x000000f1d4700000,0x000000f1d4800000) (1024K)]
  0x0000021b544a9b40 WorkerThread "GC Thread#5"                     [id=15796, stack(0x000000f1d4800000,0x000000f1d4900000) (1024K)]
  0x0000021b544a9ee0 WorkerThread "GC Thread#6"                     [id=19964, stack(0x000000f1d4900000,0x000000f1d4a00000) (1024K)]
  0x0000021b545bebb0 WorkerThread "GC Thread#7"                     [id=19728, stack(0x000000f1d4a00000,0x000000f1d4b00000) (1024K)]
Total: 10

Threads with active compile tasks:
Total: 0

VM state: not at safepoint (normal execution)

VM Mutex/Monitor currently owned by a thread: None

Heap address: 0x0000000080000000, size: 2048 MB, Compressed Oops mode: 32-bit

CDS archive(s) mapped at: [0x0000021b0f000000-0x0000021b0fba0000-0x0000021b0fba0000), size 12189696, SharedBaseAddress: 0x0000021b0f000000, ArchiveRelocationMode: 1.
Compressed class space mapped at: 0x0000021b10000000-0x0000021b50000000, reserved size: 1073741824
Narrow klass base: 0x0000021b0f000000, Narrow klass shift: 0, Narrow klass range: 0x100000000

GC Precious Log:
 CardTable entry size: 512
 CPUs: 8 total, 8 available
 Memory: 16112M
 Large Page Support: Disabled
 NUMA Support: Disabled
 Compressed Oops: Enabled (32-bit)
 Alignments: Space 512K, Generation 512K, Heap 2M
 Heap Min Capacity: 100M
 Heap Initial Capacity: 100M
 Heap Max Capacity: 2G
 Pre-touch: Disabled
 Parallel Workers: 8

Heap:
 PSYoungGen      total 6656K, used 3048K [0x00000000d5580000, 0x00000000d5d00000, 0x0000000100000000)
  eden space 5632K, 39% used [0x00000000d5580000,0x00000000d57b2330,0x00000000d5b00000)
  from space 1024K, 78% used [0x00000000d5c00000,0x00000000d5cc8000,0x00000000d5d00000)
  to   space 1024K, 0% used [0x00000000d5b00000,0x00000000d5b00000,0x00000000d5c00000)
 ParOldGen       total 1022976K, used 1022517K [0x0000000080000000, 0x00000000be700000, 0x00000000d5580000)
  object space 1022976K, 99% used [0x0000000080000000,0x00000000be68d6c0,0x00000000be700000)
 Metaspace       used 110730K, committed 112704K, reserved 1179648K
  class space    used 11057K, committed 12032K, reserved 1048576K

Card table byte_map: [0x0000021b75e20000,0x0000021b76230000] _byte_map_base: 0x0000021b75a20000

Marking Bits: (ParMarkBitMap*) 0x00007ffd07a12460
 Begin Bits: [0x0000021b79930000, 0x0000021b7b930000)
 End Bits:   [0x0000021b7b930000, 0x0000021b7d930000)

Polling page: 0x0000021b742a0000

Metaspace:

Usage:
  Non-class:     97.34 MB used.
      Class:     10.80 MB used.
       Both:    108.13 MB used.

Virtual space:
  Non-class space:      128.00 MB reserved,      98.31 MB ( 77%) committed,  2 nodes.
      Class space:        1.00 GB reserved,      11.75 MB (  1%) committed,  1 nodes.
             Both:        1.12 GB reserved,     110.06 MB ( 10%) committed. 

Chunk freelists:
   Non-Class:  13.77 MB
       Class:  4.21 MB
        Both:  17.98 MB

MaxMetaspaceSize: unlimited
CompressedClassSpaceSize: 1.00 GB
Initial GC threshold: 21.00 MB
Current GC threshold: 183.44 MB
CDS: on
 - commit_granule_bytes: 65536.
 - commit_granule_words: 8192.
 - virtual_space_node_default_size: 8388608.
 - enlarge_chunks_in_place: 1.
 - use_allocation_guard: 0.


Internal statistics:

num_allocs_failed_limit: 9.
num_arena_births: 2626.
num_arena_deaths: 756.
num_vsnodes_births: 3.
num_vsnodes_deaths: 0.
num_space_committed: 1761.
num_space_uncommitted: 0.
num_chunks_returned_to_freelist: 931.
num_chunks_taken_from_freelist: 8759.
num_chunk_merges: 242.
num_chunk_splits: 4906.
num_chunks_enlarged: 2612.
num_inconsistent_stats: 0.

CodeHeap 'non-profiled nmethods': size=120000Kb used=28885Kb max_used=35269Kb free=91114Kb
 bounds [0x0000021b07ad0000, 0x0000021b09d70000, 0x0000021b0f000000]
CodeHeap 'profiled nmethods': size=120000Kb used=31318Kb max_used=56586Kb free=88681Kb
 bounds [0x0000021b00000000, 0x0000021b03750000, 0x0000021b07530000]
CodeHeap 'non-nmethods': size=5760Kb used=1577Kb max_used=1651Kb free=4182Kb
 bounds [0x0000021b07530000, 0x0000021b077a0000, 0x0000021b07ad0000]
CodeCache: size=245760Kb, used=61780Kb, max_used=93506Kb, free=183977Kb
 total_blobs=16547, nmethods=15659, adapters=784, full_count=0
Compilation: enabled, stopped_count=0, restarted_count=0

Compilation events (20 events):
Event: 86232.106 Thread 0x0000021b76409b40 nmethod 39567 0x0000021b08040d90 code [0x0000021b08040f20, 0x0000021b08040fd0]
Event: 86232.106 Thread 0x0000021b76409b40 39568       4       java.util.Date::getTimeImpl (27 bytes)
Event: 86232.107 Thread 0x0000021b76409b40 nmethod 39568 0x0000021b08048010 code [0x0000021b080481a0, 0x0000021b08048250]
Event: 86232.110 Thread 0x0000021b7f70b530 nmethod 39570 0x0000021b016dd710 code [0x0000021b016dd960, 0x0000021b016ddfb8]
Event: 86232.372 Thread 0x0000021b76409b40 39571       4       java.util.Map::computeIfAbsent (45 bytes)
Event: 86232.379 Thread 0x0000021b76409b40 nmethod 39571 0x0000021b08dd6c10 code [0x0000021b08dd6de0, 0x0000021b08dd7178]
Event: 86232.644 Thread 0x0000021b7f70b530 39572       3       sun.nio.ch.Util$1::initialValue (8 bytes)
Event: 86232.645 Thread 0x0000021b7f70b530 nmethod 39572 0x0000021b00ce6890 code [0x0000021b00ce6a40, 0x0000021b00ce6d20]
Event: 86232.826 Thread 0x0000021b7f70b530 39573       3       sun.nio.ch.Util$1::initialValue (5 bytes)
Event: 86232.826 Thread 0x0000021b7f70b530 nmethod 39573 0x0000021b01671510 code [0x0000021b016716c0, 0x0000021b01671a08]
Event: 96208.074 Thread 0x0000021b7f70b530 39574       3       org.eclipse.jdt.internal.core.hierarchy.HierarchyBuilder::<init> (196 bytes)
Event: 96208.242 Thread 0x0000021b7f70b530 nmethod 39574 0x0000021b00389710 code [0x0000021b00389a00, 0x0000021b0038adc0]
Event: 96209.155 Thread 0x0000021b7f70b530 39575       3       lombok.core.configuration.FileSystemSourceCache$Content::<init> (21 bytes)
Event: 96209.209 Thread 0x0000021b7f70b530 nmethod 39575 0x0000021b00e7de90 code [0x0000021b00e7e040, 0x0000021b00e7e1d0]
Event: 96209.652 Thread 0x0000021b7f70b530 39576       3       lombok.core.configuration.FileSystemSourceCache$Content::empty (15 bytes)
Event: 96209.659 Thread 0x0000021b7f70b530 nmethod 39576 0x0000021b00fa8810 code [0x0000021b00fa89c0, 0x0000021b00fa8be0]
Event: 96210.724 Thread 0x0000021b76409b40 39577       4       java.util.regex.Matcher::search (154 bytes)
Event: 96210.784 Thread 0x0000021b76409b40 nmethod 39577 0x0000021b089e2d90 code [0x0000021b089e2f40, 0x0000021b089e31d8]
Event: 97947.287 Thread 0x0000021b7f70b530 39578       3       org.eclipse.core.runtime.jobs.MultiRule::combine (52 bytes)
Event: 97947.349 Thread 0x0000021b7f70b530 nmethod 39578 0x0000021b00e13690 code [0x0000021b00e13860, 0x0000021b00e13b00]

GC Heap History (20 events):
Event: 96209.864 GC heap before
{Heap before GC invocations=12934 (full 14):
 PSYoungGen      total 6144K, used 5952K [0x00000000d5580000, 0x00000000d5c80000, 0x0000000100000000)
  eden space 5632K, 100% used [0x00000000d5580000,0x00000000d5b00000,0x00000000d5b00000)
  from space 512K, 62% used [0x00000000d5b80000,0x00000000d5bd0000,0x00000000d5c00000)
  to   space 512K, 0% used [0x00000000d5b00000,0x00000000d5b00000,0x00000000d5b80000)
 ParOldGen       total 1016832K, used 1016716K [0x0000000080000000, 0x00000000be100000, 0x00000000d5580000)
  object space 1016832K, 99% used [0x0000000080000000,0x00000000be0e3250,0x00000000be100000)
 Metaspace       used 110728K, committed 112704K, reserved 1179648K
  class space    used 11057K, committed 12032K, reserved 1048576K
}
Event: 96209.870 GC heap after
{Heap after GC invocations=12934 (full 14):
 PSYoungGen      total 6144K, used 480K [0x00000000d5580000, 0x00000000d5e80000, 0x0000000100000000)
  eden space 5632K, 0% used [0x00000000d5580000,0x00000000d5580000,0x00000000d5b00000)
  from space 512K, 93% used [0x00000000d5b00000,0x00000000d5b78010,0x00000000d5b80000)
  to   space 1024K, 0% used [0x00000000d5d80000,0x00000000d5d80000,0x00000000d5e80000)
 ParOldGen       total 1017344K, used 1016948K [0x0000000080000000, 0x00000000be180000, 0x00000000d5580000)
  object space 1017344K, 99% used [0x0000000080000000,0x00000000be11d260,0x00000000be180000)
 Metaspace       used 110728K, committed 112704K, reserved 1179648K
  class space    used 11057K, committed 12032K, reserved 1048576K
}
Event: 96209.978 GC heap before
{Heap before GC invocations=12935 (full 14):
 PSYoungGen      total 6144K, used 6112K [0x00000000d5580000, 0x00000000d5e80000, 0x0000000100000000)
  eden space 5632K, 100% used [0x00000000d5580000,0x00000000d5b00000,0x00000000d5b00000)
  from space 512K, 93% used [0x00000000d5b00000,0x00000000d5b78010,0x00000000d5b80000)
  to   space 1024K, 0% used [0x00000000d5d80000,0x00000000d5d80000,0x00000000d5e80000)
 ParOldGen       total 1017344K, used 1016948K [0x0000000080000000, 0x00000000be180000, 0x00000000d5580000)
  object space 1017344K, 99% used [0x0000000080000000,0x00000000be11d260,0x00000000be180000)
 Metaspace       used 110728K, committed 112704K, reserved 1179648K
  class space    used 11057K, committed 12032K, reserved 1048576K
}
Event: 96209.985 GC heap after
{Heap after GC invocations=12935 (full 14):
 PSYoungGen      total 6656K, used 704K [0x00000000d5580000, 0x00000000d5e80000, 0x0000000100000000)
  eden space 5632K, 0% used [0x00000000d5580000,0x00000000d5580000,0x00000000d5b00000)
  from space 1024K, 68% used [0x00000000d5d80000,0x00000000d5e30000,0x00000000d5e80000)
  to   space 1024K, 0% used [0x00000000d5c80000,0x00000000d5c80000,0x00000000d5d80000)
 ParOldGen       total 1017856K, used 1017396K [0x0000000080000000, 0x00000000be200000, 0x00000000d5580000)
  object space 1017856K, 99% used [0x0000000080000000,0x00000000be18d270,0x00000000be200000)
 Metaspace       used 110728K, committed 112704K, reserved 1179648K
  class space    used 11057K, committed 12032K, reserved 1048576K
}
Event: 96210.008 GC heap before
{Heap before GC invocations=12936 (full 14):
 PSYoungGen      total 6656K, used 6336K [0x00000000d5580000, 0x00000000d5e80000, 0x0000000100000000)
  eden space 5632K, 100% used [0x00000000d5580000,0x00000000d5b00000,0x00000000d5b00000)
  from space 1024K, 68% used [0x00000000d5d80000,0x00000000d5e30000,0x00000000d5e80000)
  to   space 1024K, 0% used [0x00000000d5c80000,0x00000000d5c80000,0x00000000d5d80000)
 ParOldGen       total 1017856K, used 1017396K [0x0000000080000000, 0x00000000be200000, 0x00000000d5580000)
  object space 1017856K, 99% used [0x0000000080000000,0x00000000be18d270,0x00000000be200000)
 Metaspace       used 110728K, committed 112704K, reserved 1179648K
  class space    used 11057K, committed 12032K, reserved 1048576K
}
Event: 96210.014 GC heap after
{Heap after GC invocations=12936 (full 14):
 PSYoungGen      total 6144K, used 416K [0x00000000d5580000, 0x00000000d5e00000, 0x0000000100000000)
  eden space 5632K, 0% used [0x00000000d5580000,0x00000000d5580000,0x00000000d5b00000)
  from space 512K, 81% used [0x00000000d5c80000,0x00000000d5ce8020,0x00000000d5d00000)
  to   space 1024K, 0% used [0x00000000d5d00000,0x00000000d5d00000,0x00000000d5e00000)
 ParOldGen       total 1018368K, used 1017997K [0x0000000080000000, 0x00000000be280000, 0x00000000d5580000)
  object space 1018368K, 99% used [0x0000000080000000,0x00000000be223770,0x00000000be280000)
 Metaspace       used 110728K, committed 112704K, reserved 1179648K
  class space    used 11057K, committed 12032K, reserved 1048576K
}
Event: 96210.114 GC heap before
{Heap before GC invocations=12937 (full 14):
 PSYoungGen      total 6144K, used 6048K [0x00000000d5580000, 0x00000000d5e00000, 0x0000000100000000)
  eden space 5632K, 100% used [0x00000000d5580000,0x00000000d5b00000,0x00000000d5b00000)
  from space 512K, 81% used [0x00000000d5c80000,0x00000000d5ce8020,0x00000000d5d00000)
  to   space 1024K, 0% used [0x00000000d5d00000,0x00000000d5d00000,0x00000000d5e00000)
 ParOldGen       total 1018368K, used 1017997K [0x0000000080000000, 0x00000000be280000, 0x00000000d5580000)
  object space 1018368K, 99% used [0x0000000080000000,0x00000000be223770,0x00000000be280000)
 Metaspace       used 110728K, committed 112704K, reserved 1179648K
  class space    used 11057K, committed 12032K, reserved 1048576K
}
Event: 96210.128 GC heap after
{Heap after GC invocations=12937 (full 14):
 PSYoungGen      total 6656K, used 994K [0x00000000d5580000, 0x00000000d5e00000, 0x0000000100000000)
  eden space 5632K, 0% used [0x00000000d5580000,0x00000000d5580000,0x00000000d5b00000)
  from space 1024K, 97% used [0x00000000d5d00000,0x00000000d5df8ae8,0x00000000d5e00000)
  to   space 1536K, 0% used [0x00000000d5b00000,0x00000000d5b00000,0x00000000d5c80000)
 ParOldGen       total 1018368K, used 1018349K [0x0000000080000000, 0x00000000be280000, 0x00000000d5580000)
  object space 1018368K, 99% used [0x0000000080000000,0x00000000be27b790,0x00000000be280000)
 Metaspace       used 110728K, committed 112704K, reserved 1179648K
  class space    used 11057K, committed 12032K, reserved 1048576K
}
Event: 96210.331 GC heap before
{Heap before GC invocations=12938 (full 14):
 PSYoungGen      total 6656K, used 6626K [0x00000000d5580000, 0x00000000d5e00000, 0x0000000100000000)
  eden space 5632K, 100% used [0x00000000d5580000,0x00000000d5b00000,0x00000000d5b00000)
  from space 1024K, 97% used [0x00000000d5d00000,0x00000000d5df8ae8,0x00000000d5e00000)
  to   space 1536K, 0% used [0x00000000d5b00000,0x00000000d5b00000,0x00000000d5c80000)
 ParOldGen       total 1018368K, used 1018349K [0x0000000080000000, 0x00000000be280000, 0x00000000d5580000)
  object space 1018368K, 99% used [0x0000000080000000,0x00000000be27b790,0x00000000be280000)
 Metaspace       used 110728K, committed 112704K, reserved 1179648K
  class space    used 11057K, committed 12032K, reserved 1048576K
}
Event: 96210.348 GC heap after
{Heap after GC invocations=12938 (full 14):
 PSYoungGen      total 7168K, used 1168K [0x00000000d5580000, 0x00000000d5e00000, 0x0000000100000000)
  eden space 5632K, 0% used [0x00000000d5580000,0x00000000d5580000,0x00000000d5b00000)
  from space 1536K, 76% used [0x00000000d5b00000,0x00000000d5c24010,0x00000000d5c80000)
  to   space 1536K, 0% used [0x00000000d5c80000,0x00000000d5c80000,0x00000000d5e00000)
 ParOldGen       total 1019392K, used 1019248K [0x0000000080000000, 0x00000000be380000, 0x00000000d5580000)
  object space 1019392K, 99% used [0x0000000080000000,0x00000000be35c048,0x00000000be380000)
 Metaspace       used 110728K, committed 112704K, reserved 1179648K
  class space    used 11057K, committed 12032K, reserved 1048576K
}
Event: 96210.444 GC heap before
{Heap before GC invocations=12939 (full 14):
 PSYoungGen      total 7168K, used 6800K [0x00000000d5580000, 0x00000000d5e00000, 0x0000000100000000)
  eden space 5632K, 100% used [0x00000000d5580000,0x00000000d5b00000,0x00000000d5b00000)
  from space 1536K, 76% used [0x00000000d5b00000,0x00000000d5c24010,0x00000000d5c80000)
  to   space 1536K, 0% used [0x00000000d5c80000,0x00000000d5c80000,0x00000000d5e00000)
 ParOldGen       total 1019392K, used 1019248K [0x0000000080000000, 0x00000000be380000, 0x00000000d5580000)
  object space 1019392K, 99% used [0x0000000080000000,0x00000000be35c048,0x00000000be380000)
 Metaspace       used 110728K, committed 112704K, reserved 1179648K
  class space    used 11057K, committed 12032K, reserved 1048576K
}
Event: 96210.455 GC heap after
{Heap after GC invocations=12939 (full 14):
 PSYoungGen      total 6656K, used 704K [0x00000000d5580000, 0x00000000d5d80000, 0x0000000100000000)
  eden space 5632K, 0% used [0x00000000d5580000,0x00000000d5580000,0x00000000d5b00000)
  from space 1024K, 68% used [0x00000000d5c80000,0x00000000d5d30000,0x00000000d5d80000)
  to   space 1024K, 0% used [0x00000000d5b80000,0x00000000d5b80000,0x00000000d5c80000)
 ParOldGen       total 1020416K, used 1020307K [0x0000000080000000, 0x00000000be480000, 0x00000000d5580000)
  object space 1020416K, 99% used [0x0000000080000000,0x00000000be464cc8,0x00000000be480000)
 Metaspace       used 110728K, committed 112704K, reserved 1179648K
  class space    used 11057K, committed 12032K, reserved 1048576K
}
Event: 96210.501 GC heap before
{Heap before GC invocations=12940 (full 14):
 PSYoungGen      total 6656K, used 6336K [0x00000000d5580000, 0x00000000d5d80000, 0x0000000100000000)
  eden space 5632K, 100% used [0x00000000d5580000,0x00000000d5b00000,0x00000000d5b00000)
  from space 1024K, 68% used [0x00000000d5c80000,0x00000000d5d30000,0x00000000d5d80000)
  to   space 1024K, 0% used [0x00000000d5b80000,0x00000000d5b80000,0x00000000d5c80000)
 ParOldGen       total 1020416K, used 1020307K [0x0000000080000000, 0x00000000be480000, 0x00000000d5580000)
  object space 1020416K, 99% used [0x0000000080000000,0x00000000be464cc8,0x00000000be480000)
 Metaspace       used 110728K, committed 112704K, reserved 1179648K
  class space    used 11057K, committed 12032K, reserved 1048576K
}
Event: 96210.508 GC heap after
{Heap after GC invocations=12940 (full 14):
 PSYoungGen      total 6656K, used 790K [0x00000000d5580000, 0x00000000d5d00000, 0x0000000100000000)
  eden space 5632K, 0% used [0x00000000d5580000,0x00000000d5580000,0x00000000d5b00000)
  from space 1024K, 77% used [0x00000000d5b80000,0x00000000d5c458c8,0x00000000d5c80000)
  to   space 512K, 0% used [0x00000000d5c80000,0x00000000d5c80000,0x00000000d5d00000)
 ParOldGen       total 1020928K, used 1020895K [0x0000000080000000, 0x00000000be500000, 0x00000000d5580000)
  object space 1020928K, 99% used [0x0000000080000000,0x00000000be4f7cf8,0x00000000be500000)
 Metaspace       used 110728K, committed 112704K, reserved 1179648K
  class space    used 11057K, committed 12032K, reserved 1048576K
}
Event: 96210.547 GC heap before
{Heap before GC invocations=12941 (full 14):
 PSYoungGen      total 6656K, used 6422K [0x00000000d5580000, 0x00000000d5d00000, 0x0000000100000000)
  eden space 5632K, 100% used [0x00000000d5580000,0x00000000d5b00000,0x00000000d5b00000)
  from space 1024K, 77% used [0x00000000d5b80000,0x00000000d5c458c8,0x00000000d5c80000)
  to   space 512K, 0% used [0x00000000d5c80000,0x00000000d5c80000,0x00000000d5d00000)
 ParOldGen       total 1020928K, used 1020895K [0x0000000080000000, 0x00000000be500000, 0x00000000d5580000)
  object space 1020928K, 99% used [0x0000000080000000,0x00000000be4f7cf8,0x00000000be500000)
 Metaspace       used 110728K, committed 112704K, reserved 1179648K
  class space    used 11057K, committed 12032K, reserved 1048576K
}
Event: 96210.554 GC heap after
{Heap after GC invocations=12941 (full 14):
 PSYoungGen      total 6144K, used 512K [0x00000000d5580000, 0x00000000d5e00000, 0x0000000100000000)
  eden space 5632K, 0% used [0x00000000d5580000,0x00000000d5580000,0x00000000d5b00000)
  from space 512K, 100% used [0x00000000d5c80000,0x00000000d5d00000,0x00000000d5d00000)
  to   space 1536K, 0% used [0x00000000d5b00000,0x00000000d5b00000,0x00000000d5c80000)
 ParOldGen       total 1021952K, used 1021573K [0x0000000080000000, 0x00000000be600000, 0x00000000d5580000)
  object space 1021952K, 99% used [0x0000000080000000,0x00000000be5a15e0,0x00000000be600000)
 Metaspace       used 110728K, committed 112704K, reserved 1179648K
  class space    used 11057K, committed 12032K, reserved 1048576K
}
Event: 96210.624 GC heap before
{Heap before GC invocations=12942 (full 14):
 PSYoungGen      total 6144K, used 6144K [0x00000000d5580000, 0x00000000d5e00000, 0x0000000100000000)
  eden space 5632K, 100% used [0x00000000d5580000,0x00000000d5b00000,0x00000000d5b00000)
  from space 512K, 100% used [0x00000000d5c80000,0x00000000d5d00000,0x00000000d5d00000)
  to   space 1536K, 0% used [0x00000000d5b00000,0x00000000d5b00000,0x00000000d5c80000)
 ParOldGen       total 1021952K, used 1021573K [0x0000000080000000, 0x00000000be600000, 0x00000000d5580000)
  object space 1021952K, 99% used [0x0000000080000000,0x00000000be5a15e0,0x00000000be600000)
 Metaspace       used 110728K, committed 112704K, reserved 1179648K
  class space    used 11057K, committed 12032K, reserved 1048576K
}
Event: 96210.633 GC heap after
{Heap after GC invocations=12942 (full 14):
 PSYoungGen      total 6656K, used 640K [0x00000000d5580000, 0x00000000d5d00000, 0x0000000100000000)
  eden space 5632K, 0% used [0x00000000d5580000,0x00000000d5580000,0x00000000d5b00000)
  from space 1024K, 62% used [0x00000000d5b00000,0x00000000d5ba0000,0x00000000d5c00000)
  to   space 1024K, 0% used [0x00000000d5c00000,0x00000000d5c00000,0x00000000d5d00000)
 ParOldGen       total 1022464K, used 1022005K [0x0000000080000000, 0x00000000be680000, 0x00000000d5580000)
  object space 1022464K, 99% used [0x0000000080000000,0x00000000be60d640,0x00000000be680000)
 Metaspace       used 110728K, committed 112704K, reserved 1179648K
  class space    used 11057K, committed 12032K, reserved 1048576K
}
Event: 98847.334 GC heap before
{Heap before GC invocations=12943 (full 14):
 PSYoungGen      total 6656K, used 6272K [0x00000000d5580000, 0x00000000d5d00000, 0x0000000100000000)
  eden space 5632K, 100% used [0x00000000d5580000,0x00000000d5b00000,0x00000000d5b00000)
  from space 1024K, 62% used [0x00000000d5b00000,0x00000000d5ba0000,0x00000000d5c00000)
  to   space 1024K, 0% used [0x00000000d5c00000,0x00000000d5c00000,0x00000000d5d00000)
 ParOldGen       total 1022464K, used 1022005K [0x0000000080000000, 0x00000000be680000, 0x00000000d5580000)
  object space 1022464K, 99% used [0x0000000080000000,0x00000000be60d640,0x00000000be680000)
 Metaspace       used 110730K, committed 112704K, reserved 1179648K
  class space    used 11057K, committed 12032K, reserved 1048576K
}
Event: 98847.838 GC heap after
{Heap after GC invocations=12943 (full 14):
 PSYoungGen      total 6656K, used 800K [0x00000000d5580000, 0x00000000d5d00000, 0x0000000100000000)
  eden space 5632K, 0% used [0x00000000d5580000,0x00000000d5580000,0x00000000d5b00000)
  from space 1024K, 78% used [0x00000000d5c00000,0x00000000d5cc8000,0x00000000d5d00000)
  to   space 1024K, 0% used [0x00000000d5b00000,0x00000000d5b00000,0x00000000d5c00000)
 ParOldGen       total 1022976K, used 1022517K [0x0000000080000000, 0x00000000be700000, 0x00000000d5580000)
  object space 1022976K, 99% used [0x0000000080000000,0x00000000be68d6c0,0x00000000be700000)
 Metaspace       used 110730K, committed 112704K, reserved 1179648K
  class space    used 11057K, committed 12032K, reserved 1048576K
}

Dll operation events (12 events):
Event: 0.022 Loaded shared library c:\Users\l.berrio\.vscode\extensions\redhat.java-1.51.0-win32-x64\jre\21.0.9-win32-x86_64\bin\java.dll
Event: 0.205 Loaded shared library c:\Users\l.berrio\.vscode\extensions\redhat.java-1.51.0-win32-x64\jre\21.0.9-win32-x86_64\bin\zip.dll
Event: 0.345 Loaded shared library C:\Users\l.berrio\.vscode\extensions\redhat.java-1.51.0-win32-x64\jre\21.0.9-win32-x86_64\bin\instrument.dll
Event: 0.363 Loaded shared library C:\Users\l.berrio\.vscode\extensions\redhat.java-1.51.0-win32-x64\jre\21.0.9-win32-x86_64\bin\net.dll
Event: 0.374 Loaded shared library C:\Users\l.berrio\.vscode\extensions\redhat.java-1.51.0-win32-x64\jre\21.0.9-win32-x86_64\bin\nio.dll
Event: 0.381 Loaded shared library C:\Users\l.berrio\.vscode\extensions\redhat.java-1.51.0-win32-x64\jre\21.0.9-win32-x86_64\bin\zip.dll
Event: 0.444 Loaded shared library C:\Users\l.berrio\.vscode\extensions\redhat.java-1.51.0-win32-x64\jre\21.0.9-win32-x86_64\bin\jimage.dll
Event: 0.791 Loaded shared library c:\Users\l.berrio\.vscode\extensions\redhat.java-1.51.0-win32-x64\jre\21.0.9-win32-x86_64\bin\verify.dll
Event: 3.891 Loaded shared library C:\Users\l.berrio\AppData\Roaming\Code\User\globalStorage\redhat.java\1.51.0\config_win\org.eclipse.equinox.launcher\org.eclipse.equinox.launcher.win32.win32.x86_64_1.2.1400.v20250801-0854\eclipse_11916.dll
Event: 21.406 Loaded shared library C:\Users\l.berrio\AppData\Local\Temp\jna-22893035\jna7871555694484765605.dll
Event: 1824.082 Loaded shared library C:\Users\l.berrio\.vscode\extensions\redhat.java-1.51.0-win32-x64\jre\21.0.9-win32-x86_64\bin\extnet.dll
Event: 3504.885 Loaded shared library C:\Users\l.berrio\.vscode\extensions\redhat.java-1.51.0-win32-x64\jre\21.0.9-win32-x86_64\bin\sunmscapi.dll

Deoptimization events (20 events):
Event: 85863.748 Thread 0x0000021b55e45570 Uncommon trap: trap_request=0xfffffff4 fr.pc=0x0000021b08e3f230 relative=0x0000000000001bb0
Event: 85863.748 Thread 0x0000021b55e45570 Uncommon trap: reason=null_check action=make_not_entrant pc=0x0000021b08e3f230 method=java.lang.Class.reflectionData()Ljava/lang/Class$ReflectionData; @ 18 c2
Event: 85863.748 Thread 0x0000021b55e45570 DEOPT PACKING pc=0x0000021b08e3f230 sp=0x000000f1d6cfe3d0
Event: 85863.749 Thread 0x0000021b55e45570 DEOPT UNPACKING pc=0x0000021b07586da2 sp=0x000000f1d6cfe1c8 mode 2
Event: 86163.425 Thread 0x0000021b565e6ba0 Uncommon trap: trap_request=0xfffffff4 fr.pc=0x0000021b07ca6e50 relative=0x00000000000006b0
Event: 86163.425 Thread 0x0000021b565e6ba0 Uncommon trap: reason=null_check action=make_not_entrant pc=0x0000021b07ca6e50 method=java.lang.Class.reflectionData()Ljava/lang/Class$ReflectionData; @ 18 c2
Event: 86163.425 Thread 0x0000021b565e6ba0 DEOPT PACKING pc=0x0000021b07ca6e50 sp=0x000000f1d33fe130
Event: 86163.425 Thread 0x0000021b565e6ba0 DEOPT UNPACKING pc=0x0000021b07586da2 sp=0x000000f1d33fe008 mode 2
Event: 86202.065 Thread 0x0000021b55e43b30 Uncommon trap: trap_request=0xffffffbe fr.pc=0x0000021b08a8fbdc relative=0x00000000000004bc
Event: 86202.065 Thread 0x0000021b55e43b30 Uncommon trap: reason=profile_predicate action=maybe_recompile pc=0x0000021b08a8fbdc method=java.util.concurrent.ThreadPoolExecutor.runWorker(Ljava/util/concurrent/ThreadPoolExecutor$Worker;)V @ 21 c2
Event: 86202.065 Thread 0x0000021b55e43b30 DEOPT PACKING pc=0x0000021b08a8fbdc sp=0x000000f1d34ff610
Event: 86202.100 Thread 0x0000021b55e43b30 DEOPT UNPACKING pc=0x0000021b07586da2 sp=0x000000f1d34ff5a8 mode 2
Event: 86222.222 Thread 0x0000021b55e44850 Uncommon trap: trap_request=0xffffff45 fr.pc=0x0000021b09cd0be4 relative=0x0000000000000044
Event: 86222.222 Thread 0x0000021b55e44850 Uncommon trap: reason=unstable_if action=reinterpret pc=0x0000021b09cd0be4 method=org.eclipse.osgi.internal.log.EquinoxLogWriter.convertSeverity(I)I @ 1 c2
Event: 86222.222 Thread 0x0000021b55e44850 DEOPT PACKING pc=0x0000021b09cd0be4 sp=0x000000f1d54fe010
Event: 86222.222 Thread 0x0000021b55e44850 DEOPT UNPACKING pc=0x0000021b07586da2 sp=0x000000f1d54fdf98 mode 2
Event: 86224.082 Thread 0x0000021b55e47cd0 DEOPT PACKING pc=0x0000021b00315c66 sp=0x000000f1d6afe530
Event: 86224.083 Thread 0x0000021b55e47cd0 DEOPT UNPACKING pc=0x0000021b075878e2 sp=0x000000f1d6afda70 mode 0
Event: 86224.398 Thread 0x0000021b55e47cd0 DEOPT PACKING pc=0x0000021b006411bc sp=0x000000f1d6afdf80
Event: 86224.398 Thread 0x0000021b55e47cd0 DEOPT UNPACKING pc=0x0000021b075878e2 sp=0x000000f1d6afd478 mode 0

Classes loaded (20 events):
Event: 26065.445 Loading class jdk/internal/module/IllegalAccessLogger
Event: 26065.445 Loading class jdk/internal/module/IllegalAccessLogger done
Event: 26506.941 Loading class jdk/internal/module/IllegalAccessLogger
Event: 26506.941 Loading class jdk/internal/module/IllegalAccessLogger done
Event: 26514.765 Loading class java/lang/ProcessHandleImpl$ExitCompletion
Event: 26514.765 Loading class java/lang/ProcessHandleImpl$ExitCompletion done
Event: 26514.765 Loading class java/lang/ProcessHandleImpl$1
Event: 26514.766 Loading class java/lang/ProcessHandleImpl$1 done
Event: 26778.935 Loading class jdk/internal/module/IllegalAccessLogger
Event: 26778.935 Loading class jdk/internal/module/IllegalAccessLogger done
Event: 26812.469 Loading class java/util/DualPivotQuicksort$Sorter
Event: 26812.472 Loading class java/util/DualPivotQuicksort$Sorter done
Event: 27048.535 Loading class jdk/internal/module/IllegalAccessLogger
Event: 27048.535 Loading class jdk/internal/module/IllegalAccessLogger done
Event: 27285.983 Loading class jdk/internal/module/IllegalAccessLogger
Event: 27285.983 Loading class jdk/internal/module/IllegalAccessLogger done
Event: 28164.409 Loading class jdk/internal/module/IllegalAccessLogger
Event: 28164.409 Loading class jdk/internal/module/IllegalAccessLogger done
Event: 85863.556 Loading class jdk/internal/module/IllegalAccessLogger
Event: 85863.558 Loading class jdk/internal/module/IllegalAccessLogger done

Classes unloaded (20 events):
Event: 85645.473 Thread 0x0000021b763f1480 Unloading class 0x0000021b10276000 'jdk/internal/reflect/GeneratedSerializationConstructorAccessor8'
Event: 85645.473 Thread 0x0000021b763f1480 Unloading class 0x0000021b10275c00 'jdk/internal/reflect/GeneratedSerializationConstructorAccessor7'
Event: 85645.473 Thread 0x0000021b763f1480 Unloading class 0x0000021b10275800 'jdk/internal/reflect/GeneratedSerializationConstructorAccessor6'
Event: 85645.473 Thread 0x0000021b763f1480 Unloading class 0x0000021b10275400 'jdk/internal/reflect/GeneratedSerializationConstructorAccessor5'
Event: 85645.473 Thread 0x0000021b763f1480 Unloading class 0x0000021b10275000 'jdk/internal/reflect/GeneratedSerializationConstructorAccessor4'
Event: 85645.473 Thread 0x0000021b763f1480 Unloading class 0x0000021b10274c00 'jdk/internal/reflect/GeneratedSerializationConstructorAccessor3'
Event: 85645.473 Thread 0x0000021b763f1480 Unloading class 0x0000021b10274800 'jdk/internal/reflect/GeneratedSerializationConstructorAccessor2'
Event: 85645.473 Thread 0x0000021b763f1480 Unloading class 0x0000021b10274400 'jdk/internal/reflect/GeneratedSerializationConstructorAccessor1'
Event: 85645.473 Thread 0x0000021b763f1480 Unloading class 0x0000021b10200400 'java/lang/invoke/LambdaForm$BMH+0x0000021b10200400'
Event: 85645.473 Thread 0x0000021b763f1480 Unloading class 0x0000021b1017c000 'java/lang/invoke/LambdaForm$MH+0x0000021b1017c000'
Event: 85645.473 Thread 0x0000021b763f1480 Unloading class 0x0000021b10175000 'java/lang/invoke/LambdaForm$MH+0x0000021b10175000'
Event: 85645.473 Thread 0x0000021b763f1480 Unloading class 0x0000021b10174800 'java/lang/invoke/LambdaForm$MH+0x0000021b10174800'
Event: 85645.473 Thread 0x0000021b763f1480 Unloading class 0x0000021b10174400 'java/lang/invoke/LambdaForm$MH+0x0000021b10174400'
Event: 85645.473 Thread 0x0000021b763f1480 Unloading class 0x0000021b10174000 'java/lang/invoke/LambdaForm$MH+0x0000021b10174000'
Event: 85645.473 Thread 0x0000021b763f1480 Unloading class 0x0000021b1001f800 'java/lang/invoke/LambdaForm$MH+0x0000021b1001f800'
Event: 85645.474 Thread 0x0000021b763f1480 Unloading class 0x0000021b1001e800 'java/lang/invoke/LambdaForm$MH+0x0000021b1001e800'
Event: 85645.474 Thread 0x0000021b763f1480 Unloading class 0x0000021b1001e400 'java/lang/invoke/LambdaForm$MH+0x0000021b1001e400'
Event: 85645.474 Thread 0x0000021b763f1480 Unloading class 0x0000021b1001dc00 'java/lang/invoke/LambdaForm$MH+0x0000021b1001dc00'
Event: 85645.474 Thread 0x0000021b763f1480 Unloading class 0x0000021b1001d400 'java/lang/invoke/LambdaForm$MH+0x0000021b1001d400'
Event: 85645.474 Thread 0x0000021b763f1480 Unloading class 0x0000021b10000400 'java/lang/invoke/LambdaForm$MH+0x0000021b10000400'

Classes redefined (0 events):
No events

Internal exceptions (20 events):
Event: 86202.162 Thread 0x0000021b55e43b30 Exception <a 'sun/nio/fs/WindowsException'{0x00000000d56afd60}> (0x00000000d56afd60) 
thrown [s\src\hotspot\share\prims\jni.cpp, line 520]
Event: 86202.164 Thread 0x0000021b55e43b30 Exception <a 'sun/nio/fs/WindowsException'{0x00000000d56b0408}> (0x00000000d56b0408) 
thrown [s\src\hotspot\share\prims\jni.cpp, line 520]
Event: 86224.090 Thread 0x0000021b55e47cd0 Exception <a 'sun/nio/fs/WindowsException'{0x00000000d59cf378}> (0x00000000d59cf378) 
thrown [s\src\hotspot\share\prims\jni.cpp, line 520]
Event: 86224.091 Thread 0x0000021b55e47cd0 Exception <a 'sun/nio/fs/WindowsException'{0x00000000d59cfc58}> (0x00000000d59cfc58) 
thrown [s\src\hotspot\share\prims\jni.cpp, line 520]
Event: 86224.092 Thread 0x0000021b55e47cd0 Exception <a 'sun/nio/fs/WindowsException'{0x00000000d59d09a0}> (0x00000000d59d09a0) 
thrown [s\src\hotspot\share\prims\jni.cpp, line 520]
Event: 86224.092 Thread 0x0000021b55e47cd0 Exception <a 'sun/nio/fs/WindowsException'{0x00000000d59d1280}> (0x00000000d59d1280) 
thrown [s\src\hotspot\share\prims\jni.cpp, line 520]
Event: 86224.097 Thread 0x0000021b55e47cd0 Exception <a 'sun/nio/fs/WindowsException'{0x00000000d59d2a78}> (0x00000000d59d2a78) 
thrown [s\src\hotspot\share\prims\jni.cpp, line 520]
Event: 86224.097 Thread 0x0000021b55e47cd0 Exception <a 'sun/nio/fs/WindowsException'{0x00000000d59d30a8}> (0x00000000d59d30a8) 
thrown [s\src\hotspot\share\prims\jni.cpp, line 520]
Event: 86224.139 Thread 0x0000021b55e47cd0 Exception <a 'sun/nio/fs/WindowsException'{0x00000000d59f3028}> (0x00000000d59f3028) 
thrown [s\src\hotspot\share\prims\jni.cpp, line 520]
Event: 86224.139 Thread 0x0000021b55e47cd0 Exception <a 'sun/nio/fs/WindowsException'{0x00000000d59f3908}> (0x00000000d59f3908) 
thrown [s\src\hotspot\share\prims\jni.cpp, line 520]
Event: 86232.104 Thread 0x0000021b55e47cd0 Exception <a 'sun/nio/fs/WindowsException'{0x00000000d582fd48}> (0x00000000d582fd48) 
thrown [s\src\hotspot\share\prims\jni.cpp, line 520]
Event: 86232.104 Thread 0x0000021b55e47cd0 Exception <a 'sun/nio/fs/WindowsException'{0x00000000d5830628}> (0x00000000d5830628) 
thrown [s\src\hotspot\share\prims\jni.cpp, line 520]
Event: 86232.105 Thread 0x0000021b55e47cd0 Exception <a 'sun/nio/fs/WindowsException'{0x00000000d5831370}> (0x00000000d5831370) 
thrown [s\src\hotspot\share\prims\jni.cpp, line 520]
Event: 86232.105 Thread 0x0000021b55e47cd0 Exception <a 'sun/nio/fs/WindowsException'{0x00000000d5831c50}> (0x00000000d5831c50) 
thrown [s\src\hotspot\share\prims\jni.cpp, line 520]
Event: 86232.105 Thread 0x0000021b55e47cd0 Exception <a 'sun/nio/fs/WindowsException'{0x00000000d5833428}> (0x00000000d5833428) 
thrown [s\src\hotspot\share\prims\jni.cpp, line 520]
Event: 86232.105 Thread 0x0000021b55e47cd0 Exception <a 'sun/nio/fs/WindowsException'{0x00000000d5833a58}> (0x00000000d5833a58) 
thrown [s\src\hotspot\share\prims\jni.cpp, line 520]
Event: 86232.110 Thread 0x0000021b55e47cd0 Exception <a 'sun/nio/fs/WindowsException'{0x00000000d5853650}> (0x00000000d5853650) 
thrown [s\src\hotspot\share\prims\jni.cpp, line 520]
Event: 86232.110 Thread 0x0000021b55e47cd0 Exception <a 'sun/nio/fs/WindowsException'{0x00000000d5853f30}> (0x00000000d5853f30) 
thrown [s\src\hotspot\share\prims\jni.cpp, line 520]
Event: 86232.649 Thread 0x0000021b55e43b30 Exception <a 'sun/nio/fs/WindowsException'{0x00000000d5656bf8}> (0x00000000d5656bf8) 
thrown [s\src\hotspot\share\prims\jni.cpp, line 520]
Event: 86232.649 Thread 0x0000021b55e43b30 Exception <a 'sun/nio/fs/WindowsException'{0x00000000d56572a0}> (0x00000000d56572a0) 
thrown [s\src\hotspot\share\prims\jni.cpp, line 520]

ZGC Phase Switch (0 events):
No events

VM Operations (20 events):
Event: 96210.501 Executing VM operation: ParallelGCFailedAllocation (Allocation Failure)
Event: 96210.508 Executing VM operation: ParallelGCFailedAllocation (Allocation Failure) done
Event: 96210.547 Executing VM operation: ParallelGCFailedAllocation (Allocation Failure)
Event: 96210.554 Executing VM operation: ParallelGCFailedAllocation (Allocation Failure) done
Event: 96210.624 Executing VM operation: ParallelGCFailedAllocation (Allocation Failure)
Event: 96210.633 Executing VM operation: ParallelGCFailedAllocation (Allocation Failure) done
Event: 97058.543 Executing VM operation: HandshakeAllThreads (HandshakeForDeflation)
Event: 97058.544 Executing VM operation: HandshakeAllThreads (HandshakeForDeflation) done
Event: 97058.544 Executing VM operation: RendezvousGCThreads
Event: 97058.544 Executing VM operation: RendezvousGCThreads done
Event: 97990.083 Executing VM operation: HandshakeAllThreads (HandshakeForDeflation)
Event: 97990.085 Executing VM operation: HandshakeAllThreads (HandshakeForDeflation) done
Event: 97990.086 Executing VM operation: RendezvousGCThreads
Event: 97990.086 Executing VM operation: RendezvousGCThreads done
Event: 98847.331 Executing VM operation: ParallelGCFailedAllocation (Allocation Failure)
Event: 98847.838 Executing VM operation: ParallelGCFailedAllocation (Allocation Failure) done
Event: 105081.254 Executing VM operation: HandshakeAllThreads (HandshakeForDeflation)
Event: 105081.256 Executing VM operation: HandshakeAllThreads (HandshakeForDeflation) done
Event: 105081.256 Executing VM operation: RendezvousGCThreads
Event: 105081.256 Executing VM operation: RendezvousGCThreads done

Memory protections (0 events):
No events

Nmethod flushes (20 events):
Event: 85646.362 Thread 0x0000021b763f1480 flushing  nmethod 0x0000021b034d4a90
Event: 85646.363 Thread 0x0000021b763f1480 flushing  nmethod 0x0000021b034d7b10
Event: 85646.363 Thread 0x0000021b763f1480 flushing  nmethod 0x0000021b034f9110
Event: 85646.363 Thread 0x0000021b763f1480 flushing  nmethod 0x0000021b03504a10
Event: 85646.363 Thread 0x0000021b763f1480 flushing  nmethod 0x0000021b03508f90
Event: 85646.363 Thread 0x0000021b763f1480 flushing  nmethod 0x0000021b03509390
Event: 85646.363 Thread 0x0000021b763f1480 flushing  nmethod 0x0000021b0353f490
Event: 85646.363 Thread 0x0000021b763f1480 flushing  nmethod 0x0000021b03552e90
Event: 85646.363 Thread 0x0000021b763f1480 flushing  nmethod 0x0000021b03554710
Event: 85646.363 Thread 0x0000021b763f1480 flushing  nmethod 0x0000021b035a0810
Event: 85646.363 Thread 0x0000021b763f1480 flushing  nmethod 0x0000021b035b3d90
Event: 85646.363 Thread 0x0000021b763f1480 flushing  nmethod 0x0000021b035bd810
Event: 85646.363 Thread 0x0000021b763f1480 flushing  nmethod 0x0000021b035c2f10
Event: 85646.363 Thread 0x0000021b763f1480 flushing  nmethod 0x0000021b03616b10
Event: 85646.363 Thread 0x0000021b763f1480 flushing  nmethod 0x0000021b0365ac90
Event: 85646.363 Thread 0x0000021b763f1480 flushing  nmethod 0x0000021b03697f10
Event: 85646.363 Thread 0x0000021b763f1480 flushing  nmethod 0x0000021b036be790
Event: 85646.363 Thread 0x0000021b763f1480 flushing  nmethod 0x0000021b036bed90
Event: 85646.364 Thread 0x0000021b763f1480 flushing  nmethod 0x0000021b036e1c10
Event: 85646.364 Thread 0x0000021b763f1480 flushing  nmethod 0x0000021b036f1e10

Events (20 events):
Event: 86232.669 Thread 0x0000021b55e44850 Thread exited: 0x0000021b55e44850
Event: 86232.825 Thread 0x0000021b55e489f0 Thread added: 0x0000021b55e44850
Event: 86232.826 Thread 0x0000021b55e489f0 Thread exited: 0x0000021b55e489f0
Event: 86292.639 Thread 0x0000021b55e47cd0 Thread exited: 0x0000021b55e47cd0
Event: 86352.643 Thread 0x0000021b55e42e10 Thread exited: 0x0000021b55e42e10
Event: 86412.658 Thread 0x0000021b55e47640 Thread exited: 0x0000021b55e47640
Event: 86472.679 Thread 0x0000021b565e78c0 Thread exited: 0x0000021b565e78c0
Event: 86532.708 Thread 0x0000021b55e46290 Thread exited: 0x0000021b55e46290
Event: 86592.721 Thread 0x0000021b565ead40 Thread exited: 0x0000021b565ead40
Event: 86652.723 Thread 0x0000021b55e46920 Thread exited: 0x0000021b55e46920
Event: 96206.878 Thread 0x0000021b57a72a90 Thread added: 0x0000021b55e46290
Event: 96207.236 Thread 0x0000021b57a72a90 Thread added: 0x0000021b55e42e10
Event: 96209.010 Thread 0x0000021b55e42e10 Thread added: 0x0000021b55e47640
Event: 96209.013 Thread 0x0000021b55e46290 Thread added: 0x0000021b55e489f0
Event: 96209.014 Thread 0x0000021b55e47640 Thread added: 0x0000021b55e47cd0
Event: 96270.948 Thread 0x0000021b55e46290 Thread exited: 0x0000021b55e46290
Event: 96330.958 Thread 0x0000021b55e47cd0 Thread exited: 0x0000021b55e47cd0
Event: 96390.963 Thread 0x0000021b55e489f0 Thread exited: 0x0000021b55e489f0
Event: 96450.972 Thread 0x0000021b55e42e10 Thread exited: 0x0000021b55e42e10
Event: 96510.985 Thread 0x0000021b55e47640 Thread exited: 0x0000021b55e47640


Dynamic libraries:
0x00007ff700d60000 - 0x00007ff700d6e000 	c:\Users\l.berrio\.vscode\extensions\redhat.java-1.51.0-win32-x64\jre\21.0.9-win32-x86_64\bin\java.exe
0x00007ffdf4c60000 - 0x00007ffdf4ec7000 	C:\WINDOWS\SYSTEM32\ntdll.dll
0x00007ffdf3c20000 - 0x00007ffdf3ce9000 	C:\WINDOWS\System32\KERNEL32.DLL
0x00007ffdf2600000 - 0x00007ffdf29ef000 	C:\WINDOWS\System32\KERNELBASE.dll
0x00007ffdf2060000 - 0x00007ffdf21ab000 	C:\WINDOWS\System32\ucrtbase.dll
0x00007ffda1020000 - 0x00007ffda1038000 	c:\Users\l.berrio\.vscode\extensions\redhat.java-1.51.0-win32-x64\jre\21.0.9-win32-x86_64\bin\jli.dll
0x00007ffd728f0000 - 0x00007ffd7290e000 	c:\Users\l.berrio\.vscode\extensions\redhat.java-1.51.0-win32-x64\jre\21.0.9-win32-x86_64\bin\VCRUNTIME140.dll
0x00007ffdf3450000 - 0x00007ffdf3615000 	C:\WINDOWS\System32\USER32.dll
0x00007ffdf2490000 - 0x00007ffdf24b7000 	C:\WINDOWS\System32\win32u.dll
0x00007ffdf39b0000 - 0x00007ffdf39db000 	C:\WINDOWS\System32\GDI32.dll
0x00007ffdf1f30000 - 0x00007ffdf205c000 	C:\WINDOWS\System32\gdi32full.dll
0x00007ffdb48c0000 - 0x00007ffdb4b53000 	C:\WINDOWS\WinSxS\amd64_microsoft.windows.common-controls_6595b64144ccf1df_6.0.26100.7309_none_3e05feeae336a044\COMCTL32.dll
0x00007ffdf24c0000 - 0x00007ffdf2563000 	C:\WINDOWS\System32\msvcp_win.dll
0x00007ffdf39e0000 - 0x00007ffdf3a89000 	C:\WINDOWS\System32\msvcrt.dll
0x00007ffdf3e80000 - 0x00007ffdf3eb1000 	C:\WINDOWS\System32\IMM32.DLL
0x00007ffdcf5a0000 - 0x00007ffdcf5ac000 	c:\Users\l.berrio\.vscode\extensions\redhat.java-1.51.0-win32-x64\jre\21.0.9-win32-x86_64\bin\vcruntime140_1.dll
0x00007ffd307b0000 - 0x00007ffd3083d000 	c:\Users\l.berrio\.vscode\extensions\redhat.java-1.51.0-win32-x64\jre\21.0.9-win32-x86_64\bin\msvcp140.dll
0x00007ffd06d50000 - 0x00007ffd07af0000 	c:\Users\l.berrio\.vscode\extensions\redhat.java-1.51.0-win32-x64\jre\21.0.9-win32-x86_64\bin\server\jvm.dll
0x00007ffdf40c0000 - 0x00007ffdf4174000 	C:\WINDOWS\System32\ADVAPI32.dll
0x00007ffdf2a00000 - 0x00007ffdf2aa6000 	C:\WINDOWS\System32\sechost.dll
0x00007ffdf3d60000 - 0x00007ffdf3e78000 	C:\WINDOWS\System32\RPCRT4.dll
0x00007ffdf4180000 - 0x00007ffdf41f4000 	C:\WINDOWS\System32\WS2_32.dll
0x00007ffdf1c10000 - 0x00007ffdf1c6e000 	C:\WINDOWS\SYSTEM32\POWRPROF.dll
0x00007ffde58b0000 - 0x00007ffde58e5000 	C:\WINDOWS\SYSTEM32\WINMM.dll
0x00007ffde5330000 - 0x00007ffde533b000 	C:\WINDOWS\SYSTEM32\VERSION.dll
0x00007ffdf1bf0000 - 0x00007ffdf1c04000 	C:\WINDOWS\SYSTEM32\UMPDC.dll
0x00007ffdf0b20000 - 0x00007ffdf0b3b000 	C:\WINDOWS\SYSTEM32\kernel.appcore.dll
0x00007ffdc9860000 - 0x00007ffdc986a000 	c:\Users\l.berrio\.vscode\extensions\redhat.java-1.51.0-win32-x64\jre\21.0.9-win32-x86_64\bin\jimage.dll
0x00007ffdef320000 - 0x00007ffdef562000 	C:\WINDOWS\SYSTEM32\DBGHELP.DLL
0x00007ffdf3620000 - 0x00007ffdf39a6000 	C:\WINDOWS\System32\combase.dll
0x00007ffdf3a90000 - 0x00007ffdf3b66000 	C:\WINDOWS\System32\OLEAUT32.dll
0x00007ffdd5fe0000 - 0x00007ffdd601c000 	C:\WINDOWS\SYSTEM32\dbgcore.DLL
0x00007ffdf2320000 - 0x00007ffdf23c5000 	C:\WINDOWS\System32\bcryptPrimitives.dll
0x00007ffd72350000 - 0x00007ffd7235f000 	c:\Users\l.berrio\.vscode\extensions\redhat.java-1.51.0-win32-x64\jre\21.0.9-win32-x86_64\bin\instrument.dll
0x00007ffd47290000 - 0x00007ffd472b0000 	c:\Users\l.berrio\.vscode\extensions\redhat.java-1.51.0-win32-x64\jre\21.0.9-win32-x86_64\bin\java.dll
0x00007ffdf42b0000 - 0x00007ffdf4a03000 	C:\WINDOWS\System32\SHELL32.dll
0x00007ffdf21b0000 - 0x00007ffdf231a000 	C:\WINDOWS\System32\wintypes.dll
0x00007ffdef880000 - 0x00007ffdf00de000 	C:\WINDOWS\SYSTEM32\windows.storage.dll
0x00007ffdf3ec0000 - 0x00007ffdf3fb5000 	C:\WINDOWS\System32\SHCORE.dll
0x00007ffdf3cf0000 - 0x00007ffdf3d56000 	C:\WINDOWS\System32\shlwapi.dll
0x00007ffdf1cd0000 - 0x00007ffdf1cf9000 	C:\WINDOWS\SYSTEM32\profapi.dll
0x00007ffd728d0000 - 0x00007ffd728e8000 	c:\Users\l.berrio\.vscode\extensions\redhat.java-1.51.0-win32-x64\jre\21.0.9-win32-x86_64\bin\zip.dll
0x00007ffd72340000 - 0x00007ffd72350000 	C:\Users\l.berrio\.vscode\extensions\redhat.java-1.51.0-win32-x64\jre\21.0.9-win32-x86_64\bin\net.dll
0x00007ffde7f20000 - 0x00007ffde8048000 	C:\WINDOWS\SYSTEM32\WINHTTP.dll
0x00007ffdf1070000 - 0x00007ffdf10db000 	C:\WINDOWS\system32\mswsock.dll
0x00007ffd6f730000 - 0x00007ffd6f746000 	C:\Users\l.berrio\.vscode\extensions\redhat.java-1.51.0-win32-x64\jre\21.0.9-win32-x86_64\bin\nio.dll
0x00007ffd6f720000 - 0x00007ffd6f730000 	c:\Users\l.berrio\.vscode\extensions\redhat.java-1.51.0-win32-x64\jre\21.0.9-win32-x86_64\bin\verify.dll
0x00007ffdd11f0000 - 0x00007ffdd1234000 	C:\Users\l.berrio\AppData\Roaming\Code\User\globalStorage\redhat.java\1.51.0\config_win\org.eclipse.equinox.launcher\org.eclipse.equinox.launcher.win32.win32.x86_64_1.2.1400.v20250801-0854\eclipse_11916.dll
0x00007ffdf4a50000 - 0x00007ffdf4be7000 	C:\WINDOWS\System32\ole32.dll
0x00007ffdf1460000 - 0x00007ffdf147b000 	C:\WINDOWS\SYSTEM32\CRYPTSP.dll
0x00007ffdf0a80000 - 0x00007ffdf0aba000 	C:\WINDOWS\system32\rsaenh.dll
0x00007ffdf1120000 - 0x00007ffdf114b000 	C:\WINDOWS\SYSTEM32\USERENV.dll
0x00007ffdf1ca0000 - 0x00007ffdf1cca000 	C:\WINDOWS\SYSTEM32\bcrypt.dll
0x00007ffdf12c0000 - 0x00007ffdf12cc000 	C:\WINDOWS\SYSTEM32\CRYPTBASE.dll
0x00007ffdf02b0000 - 0x00007ffdf02e4000 	C:\WINDOWS\SYSTEM32\IPHLPAPI.DLL
0x00007ffdf4a40000 - 0x00007ffdf4a4a000 	C:\WINDOWS\System32\NSI.dll
0x00007ffd43ee0000 - 0x00007ffd43f29000 	C:\Users\l.berrio\AppData\Local\Temp\jna-22893035\jna7871555694484765605.dll
0x00007ffdf3b80000 - 0x00007ffdf3b88000 	C:\WINDOWS\System32\PSAPI.DLL
0x00007ffde8080000 - 0x00007ffde809e000 	C:\WINDOWS\SYSTEM32\dhcpcsvc6.DLL
0x00007ffde8050000 - 0x00007ffde8073000 	C:\WINDOWS\SYSTEM32\dhcpcsvc.DLL
0x00007ffd43ec0000 - 0x00007ffd43ec9000 	C:\Users\l.berrio\.vscode\extensions\redhat.java-1.51.0-win32-x64\jre\21.0.9-win32-x86_64\bin\extnet.dll
0x00007ffdf0c40000 - 0x00007ffdf0c76000 	C:\WINDOWS\SYSTEM32\ntmarta.dll
0x00007ffd441d0000 - 0x00007ffd441de000 	C:\Users\l.berrio\.vscode\extensions\redhat.java-1.51.0-win32-x64\jre\21.0.9-win32-x86_64\bin\sunmscapi.dll
0x00007ffdf1db0000 - 0x00007ffdf1f27000 	C:\WINDOWS\System32\CRYPT32.dll
0x00007ffdf15b0000 - 0x00007ffdf15e0000 	C:\WINDOWS\SYSTEM32\ncrypt.dll
0x00007ffdf1560000 - 0x00007ffdf159f000 	C:\WINDOWS\SYSTEM32\NTASN1.dll
0x00007ffda7900000 - 0x00007ffda7908000 	C:\WINDOWS\system32\wshunix.dll
0x00007ffdf02f0000 - 0x00007ffdf041c000 	C:\WINDOWS\SYSTEM32\DNSAPI.dll
0x00007ffde5340000 - 0x00007ffde534b000 	C:\Windows\System32\rasadhlp.dll
0x00007ffde8350000 - 0x00007ffde83d6000 	C:\WINDOWS\System32\fwpuclnt.dll

JVMTI agents:
c:\Users\l.berrio\.vscode\extensions\redhat.java-1.51.0-win32-x64\lombok\lombok-1.18.39-4050.jar path:c:\Users\l.berrio\.vscode\extensions\redhat.java-1.51.0-win32-x64\jre\21.0.9-win32-x86_64\bin\instrument.dll, loaded, initialized, instrumentlib options:none

dbghelp: loaded successfully - version: 4.0.5 - missing functions: none
symbol engine: initialized successfully - sym options: 0x614 - pdb path: .;c:\Users\l.berrio\.vscode\extensions\redhat.java-1.51.0-win32-x64\jre\21.0.9-win32-x86_64\bin;C:\WINDOWS\SYSTEM32;C:\WINDOWS\WinSxS\amd64_microsoft.windows.common-controls_6595b64144ccf1df_6.0.26100.7309_none_3e05feeae336a044;c:\Users\l.berrio\.vscode\extensions\redhat.java-1.51.0-win32-x64\jre\21.0.9-win32-x86_64\bin\server;C:\Users\l.berrio\AppData\Roaming\Code\User\globalStorage\redhat.java\1.51.0\config_win\org.eclipse.equinox.launcher\org.eclipse.equinox.launcher.win32.win32.x86_64_1.2.1400.v20250801-0854;C:\Users\l.berrio\AppData\Local\Temp\jna-22893035

VM Arguments:
jvm_args: --add-modules=ALL-SYSTEM --add-opens=java.base/java.util=ALL-UNNAMED --add-opens=java.base/java.lang=ALL-UNNAMED --add-opens=java.base/sun.nio.fs=ALL-UNNAMED -Declipse.application=org.eclipse.jdt.ls.core.id1 -Dosgi.bundles.defaultStartLevel=4 -Declipse.product=org.eclipse.jdt.ls.core.product -Djava.import.generatesMetadataFilesAtProjectRoot=false -DDetectVMInstallationsJob.disabled=true -Dfile.encoding=utf8 -XX:+UseParallelGC -XX:GCTimeRatio=4 -XX:AdaptiveSizePolicyWeight=90 -Dsun.zip.disableMemoryMapping=true -Xmx2G -Xms100m -Xlog:disable -javaagent:c:\Users\l.berrio\.vscode\extensions\redhat.java-1.51.0-win32-x64\lombok\lombok-1.18.39-4050.jar -XX:+HeapDumpOnOutOfMemoryError -XX:HeapDumpPath=c:\Users\l.berrio\AppData\Roaming\Code\User\workspaceStorage\c916545acdffd9926c3f3515752457de\redhat.java -Daether.dependencyCollector.impl=bf 
java_command: c:\Users\l.berrio\.vscode\extensions\redhat.java-1.51.0-win32-x64\server\plugins\org.eclipse.equinox.launcher_1.7.100.v20251111-0406.jar -configuration c:\Users\l.berrio\AppData\Roaming\Code\User\globalStorage\redhat.java\1.51.0\config_win -data c:\Users\l.berrio\AppData\Roaming\Code\User\workspaceStorage\c916545acdffd9926c3f3515752457de\redhat.java\jdt_ws --pipe=\\.\pipe\lsp-7c0b0435d9464cfe21892a1d293c6665-sock
java_class_path (initial): c:\Users\l.berrio\.vscode\extensions\redhat.java-1.51.0-win32-x64\server\plugins\org.eclipse.equinox.launcher_1.7.100.v20251111-0406.jar
Launcher Type: SUN_STANDARD

[Global flags]
    uintx AdaptiveSizePolicyWeight                 = 90                                        {product} {command line}
     intx CICompilerCount                          = 4                                         {product} {ergonomic}
    uintx GCTimeRatio                              = 4                                         {product} {command line}
     bool HeapDumpOnOutOfMemoryError               = true                                   {manageable} {command line}
    ccstr HeapDumpPath                             = c:\Users\l.berrio\AppData\Roaming\Code\User\workspaceStorage\c916545acdffd9926c3f3515752457de\redhat.java         {manageable} {command line}
   size_t InitialHeapSize                          = 104857600                                 {product} {command line}
   size_t MaxHeapSize                              = 2147483648                                {product} {command line}
   size_t MaxNewSize                               = 715653120                                 {product} {ergonomic}
   size_t MinHeapDeltaBytes                        = 524288                                    {product} {ergonomic}
   size_t MinHeapSize                              = 104857600                                 {product} {command line}
   size_t NewSize                                  = 34603008                                  {product} {ergonomic}
    uintx NonNMethodCodeHeapSize                   = 5839372                                {pd product} {ergonomic}
    uintx NonProfiledCodeHeapSize                  = 122909434                              {pd product} {ergonomic}
   size_t OldSize                                  = 70254592                                  {product} {ergonomic}
    uintx ProfiledCodeHeapSize                     = 122909434                              {pd product} {ergonomic}
    uintx ReservedCodeCacheSize                    = 251658240                              {pd product} {ergonomic}
     bool SegmentedCodeCache                       = true                                      {product} {ergonomic}
   size_t SoftMaxHeapSize                          = 2147483648                             {manageable} {ergonomic}
     bool UseCompressedOops                        = true                           {product lp64_product} {ergonomic}
     bool UseLargePagesIndividualAllocation        = false                                  {pd product} {ergonomic}
     bool UseParallelGC                            = true                                      {product} {command line}

Logging:
Log output configuration:
 #0: stdout all=off uptime,level,tags foldmultilines=false
 #1: stderr all=off uptime,level,tags foldmultilines=false

Release file:
JAVA_VERSION="21.0.9" 
MODULES="java.base java.compiler java.datatransfer java.xml java.prefs java.desktop java.instrument java.logging java.management java.security.sasl java.naming java.rmi java.management.rmi java.net.http java.scripting java.security.jgss java.transaction.xa java.sql java.sql.rowset java.xml.crypto java.se java.smartcardio jdk.accessibility jdk.internal.jvmstat jdk.attach jdk.charsets jdk.internal.opt jdk.zipfs jdk.compiler jdk.crypto.ec jdk.crypto.cryptoki jdk.crypto.mscapi jdk.dynalink jdk.internal.ed jdk.editpad jdk.hotspot.agent jdk.httpserver jdk.internal.le jdk.internal.vm.ci jdk.internal.vm.compiler jdk.internal.vm.compiler.management jdk.jartool jdk.javadoc jdk.jcmd jdk.management jdk.management.agent jdk.jconsole jdk.jdeps jdk.jdwp.agent jdk.jdi jdk.jfr jdk.jshell jdk.jsobject jdk.jstatd jdk.localedata jdk.management.jfr jdk.naming.dns jdk.naming.rmi jdk.net jdk.nio.mapmode jdk.random jdk.sctp jdk.security.auth jdk.security.jgss jdk.unsupported jdk.unsupported.desktop jdk.xml.dom" 

Environment Variables:
JAVA_HOME=C:\Program Files\Java\jdk-21
PATH=C:\Program Files\Common Files\Oracle\Java\javapath;C:\Program Files\Microsoft MPI\Bin\;C:\Program Files (x86)\Common Files\Oracle\Java\javapath;C:\Windows\system32;C:\Windows;C:\Windows\System32\Wbem;C:\Windows\System32\WindowsPowerShell\v1.0\;C:\Windows\System32\OpenSSH\;C:\Program Files\Microsoft SQL Server\Client SDK\ODBC\170\Tools\Binn\;C:\Program Files (x86)\Microsoft SQL Server\150\Tools\Binn\;C:\Program Files\Microsoft SQL Server\150\Tools\Binn\;C:\Program Files\Microsoft SQL Server\150\DTS\Binn\;C:\Program Files\Java\jdk1.8.0_202\bin;C:\Program Files (x86)\Microsoft SQL Server\150\DTS\Binn\;C:\Program Files\Azure Data Studio\bin;C:\Program Files\dotnet\;C:\laragon\bin\php\php-8.1.10-Win32-vs16-x64;C:\ProgramData\ComposerSetup\bin;C:\Program Files\PuTTY\;C:\Program Files\Git\cmd;C:\Program Files (x86)\Microsoft SQL Server\160\DTS\Binn\;C:\Users\jh.gonzalez\AppData\Local\Programs\Python\Python311\;C:\Users\jh.gonzalez\AppData\Local\Programs\Python\Python311\Scripts\;C:\Program Files\Amazon\AWSCLIV2\;C:\Program Files\Java\jdk-21\bin;C:\Program Files\Java\jdk-21\jre\bin;C:\usr\bin;C:\Program Files\apache-maven-3.9.9\bin;C:\WINDOWS\system32;C:\WINDOWS;C:\WINDOWS\System32\Wbem;C:\WINDOWS\System32\WindowsPowerShell\v1.0\;C:\WINDOWS\System32\OpenSSH\;C:\Program Files (x86)\ZeroTier\One\;C:\Program Files\cursor\resources\app\bin;C:\kotlinc\bin;C:\Users\l.berrio\AppData\Local\nvm;C:\nvm4w\nodejs;C:\Program Files\MySQL\MySQL Shell 8.0\bin\;C:\Users\l.berrio\AppData\Local\Microsoft\WindowsApps;C:\Users\l.berrio\AppData\Local\Programs\Microsoft VS Code\bin;C:\Users\l.berrio\AppData\Local\GitHubDesktop\bin;C:\Users\l.berrio\AppData\Roaming\npm;C:\Users\l.berrio\AppData\Local\JetBrains\IntelliJ IDEA Community Edition 2024.3.2.1\bin;;C:\Users\l.berrio\.dotnet\tools;C:\Users\l.berrio\AppData\Local\Programs\Antigravity\bin;C:\Users\l.berrio\AppData\Local\nvm;C:\nvm4w\nodejs
USERNAME=l.berrio
OS=Windows_NT
PROCESSOR_IDENTIFIER=Intel64 Family 6 Model 140 Stepping 1, GenuineIntel
TMP=C:\Users\L4F90~1.BER\AppData\Local\Temp
TEMP=C:\Users\L4F90~1.BER\AppData\Local\Temp




Periodic native trim disabled

---------------  S Y S T E M  ---------------

OS:
 Windows 11 , 64 bit Build 26100 (10.0.26100.7623)
OS uptime: 1 days 18:31 hours
Hyper-V role detected

CPU: total 8 (initial active 8) (4 cores per cpu, 2 threads per core) family 6 model 140 stepping 1 microcode 0xbc, cx8, cmov, fxsr, ht, mmx, 3dnowpref, sse, sse2, sse3, ssse3, sse4.1, sse4.2, popcnt, lzcnt, tsc, tscinvbit, avx, avx2, aes, erms, clmul, bmi1, bmi2, adx, avx512f, avx512dq, avx512cd, avx512bw, avx512vl, sha, fma, vzeroupper, avx512_vpopcntdq, avx512_vpclmulqdq, avx512_vaes, avx512_vnni, clflush, clflushopt, clwb, avx512_vbmi2, avx512_vbmi, hv, rdtscp, rdpid, fsrm, gfni, avx512_bitalg, f16c, cet_ibt, cet_ss, avx512_ifma
Processor Information for processor 0
  Max Mhz: 2803, Current Mhz: 2803, Mhz Limit: 2803
Processor Information for processor 1
  Max Mhz: 2803, Current Mhz: 2803, Mhz Limit: 2803
Processor Information for processor 2
  Max Mhz: 2803, Current Mhz: 1001, Mhz Limit: 2803
Processor Information for processor 3
  Max Mhz: 2803, Current Mhz: 2803, Mhz Limit: 2803
Processor Information for processor 4
  Max Mhz: 2803, Current Mhz: 2803, Mhz Limit: 2803
Processor Information for processor 5
  Max Mhz: 2803, Current Mhz: 1001, Mhz Limit: 2803
Processor Information for processor 6
  Max Mhz: 2803, Current Mhz: 2803, Mhz Limit: 2803
Processor Information for processor 7
  Max Mhz: 2803, Current Mhz: 1001, Mhz Limit: 2803

Memory: 4k page, system-wide physical 16112M (3170M free)
TotalPageFile size 40263M (AvailPageFile size 5M)
current process WorkingSet (physical memory assigned to process): 9M, peak: 1505M
current process commit charge ("private bytes"): 1437M, peak: 1835M

vm_info: OpenJDK 64-Bit Server VM (21.0.9+10-LTS) for windows-amd64 JRE (21.0.9+10-LTS), built on 2025-10-21T00:00:00Z by "admin" with unknown MS VC++:1942

END.
