#
# There is insufficient memory for the Java Runtime Environment to continue.
# Native memory allocation (malloc) failed to allocate 1368656 bytes. Error detail: Chunk::new
# Possible reasons:
#   The system is out of physical RAM or swap space
#   This process is running with CompressedOops enabled, and the Java Heap may be blocking the growth of the native heap
# Possible solutions:
#   Reduce memory load on the system
#   Increase physical memory or swap space
#   Check if swap backing store is full
#   Decrease Java heap size (-Xmx/-Xms)
#   Decrease number of Java threads
#   Decrease Java thread stack sizes (-Xss)
#   Set larger code cache with -XX:ReservedCodeCacheSize=
#   JVM is running with Zero Based Compressed Oops mode in which the Java heap is
#     placed in the first 32GB address space. The Java Heap base address is the
#     maximum limit for the native heap growth. Please use -XX:HeapBaseMinAddress
#     to set the Java Heap base and to place the Java Heap above 32GB virtual address.
# This output file may be truncated or incomplete.
#
#  Out of Memory Error (arena.cpp:168), pid=28336, tid=30856
#
# JRE version: OpenJDK Runtime Environment Temurin-21.0.9+10 (21.0.9+10) (build 21.0.9+10-LTS)
# Java VM: OpenJDK 64-Bit Server VM Temurin-21.0.9+10 (21.0.9+10-LTS, mixed mode, sharing, tiered, compressed oops, compressed class ptrs, parallel gc, windows-amd64)
# No core dump will be written. Minidumps are not enabled by default on client versions of Windows
#

---------------  S U M M A R Y ------------

Command Line: --add-modules=ALL-SYSTEM --add-opens=java.base/java.util=ALL-UNNAMED --add-opens=java.base/java.lang=ALL-UNNAMED --add-opens=java.base/sun.nio.fs=ALL-UNNAMED -Declipse.application=org.eclipse.jdt.ls.core.id1 -Dosgi.bundles.defaultStartLevel=4 -Declipse.product=org.eclipse.jdt.ls.core.product -Djava.import.generatesMetadataFilesAtProjectRoot=false -DDetectVMInstallationsJob.disabled=true -Dfile.encoding=utf8 -XX:+UseParallelGC -XX:GCTimeRatio=4 -XX:AdaptiveSizePolicyWeight=90 -Dsun.zip.disableMemoryMapping=true -Xmx4G -Xms100m -Xlog:disable -javaagent:c:\Users\l.berrio\.trae\extensions\redhat.java-1.52.0-win32-x64\lombok\lombok-1.18.39-4050.jar -XX:+HeapDumpOnOutOfMemoryError -XX:HeapDumpPath=c:\Users\l.berrio\AppData\Roaming\Trae\User\workspaceStorage\c916545acdffd9926c3f3515752457de\redhat.java -Daether.dependencyCollector.impl=bf c:\Users\l.berrio\.trae\extensions\redhat.java-1.52.0-win32-x64\server\plugins\org.eclipse.equinox.launcher_1.7.100.v20251111-0406.jar -configuration c:\Users\l.berrio\AppData\Roaming\Trae\User\globalStorage\redhat.java\1.52.0\config_win -data c:\Users\l.berrio\AppData\Roaming\Trae\User\workspaceStorage\c916545acdffd9926c3f3515752457de\redhat.java\jdt_ws --pipe=\\.\pipe\lsp-ca2568970dbaeb82e8b8f02f79431893-sock

Host: 11th Gen Intel(R) Core(TM) i7-1165G7 @ 2.80GHz, 8 cores, 15G,  Windows 11 , 64 bit Build 26100 (10.0.26100.7705)
Time: Fri Feb 20 10:16:41 2026 Hora est. Pacífico, Sudamérica elapsed time: 76373.006398 seconds (0d 21h 12m 53s)

---------------  T H R E A D  ---------------

Current thread (0x0000020cbd8675c0):  JavaThread "C2 CompilerThread0" daemon [_thread_in_native, id=30856, stack(0x000000140f500000,0x000000140f600000) (1024K)]


Current CompileTask:
C2:76373006 32880   !   4       org.eclipse.jdt.internal.core.search.IndexSelector::initializeIndexLocations (653 bytes)

Stack: [0x000000140f500000,0x000000140f600000]
Native frames: (J=compiled Java code, j=interpreted, Vv=VM code, C=native code)
V  [jvm.dll+0x6d6e29]
V  [jvm.dll+0x8b4b76]
V  [jvm.dll+0x8b712e]
V  [jvm.dll+0x8b7813]
V  [jvm.dll+0x283d86]
V  [jvm.dll+0xc66ed]
V  [jvm.dll+0xc6c31]
V  [jvm.dll+0x3be501]
V  [jvm.dll+0x1e3b52]
V  [jvm.dll+0x24c0f3]
V  [jvm.dll+0x24b580]
V  [jvm.dll+0x1cb13e]
V  [jvm.dll+0x25b29d]
V  [jvm.dll+0x25982a]
V  [jvm.dll+0x3f7ea6]
V  [jvm.dll+0x85e9ad]
V  [jvm.dll+0x6d565d]
C  [ucrtbase.dll+0x37b0]
C  [KERNEL32.DLL+0x2e8d7]
C  [ntdll.dll+0x8c40c]


---------------  P R O C E S S  ---------------

Threads class SMR info:
_java_thread_list=0x0000020c87fed3c0, length=59, elements={
0x0000020ca0090dc0, 0x0000020cbd853f50, 0x0000020cbd857170, 0x0000020cbd85be50,
0x0000020cbd85fc40, 0x0000020cbd861bf0, 0x0000020cbd864780, 0x0000020cbd8675c0,
0x0000020c802771f0, 0x0000020c803fca90, 0x0000020c8047db10, 0x0000020c851c9620,
0x0000020c809dfdb0, 0x0000020c80aabd80, 0x0000020c80aac9f0, 0x0000020c80801ae0,
0x0000020c807f7620, 0x0000020c854d18f0, 0x0000020c8034b020, 0x0000020c80cf0930,
0x0000020c850b80b0, 0x0000020c850b7a20, 0x0000020c850b8740, 0x0000020c850b9460,
0x0000020c850b5fe0, 0x0000020c850b9af0, 0x0000020c850b6670, 0x0000020c850ba180,
0x0000020c850bc250, 0x0000020c850ba810, 0x0000020c850b8dd0, 0x0000020c850bc8e0,
0x0000020c89e444f0, 0x0000020c89e47970, 0x0000020c87280190, 0x0000020c8727e750,
0x0000020c8727ede0, 0x0000020c8727f470, 0x0000020c87280820, 0x0000020c8727fb00,
0x0000020c864c2190, 0x0000020c879c4ad0, 0x0000020c85427630, 0x0000020c85427cc0,
0x0000020c85424ed0, 0x0000020c854289e0, 0x0000020c8542a420, 0x0000020c864c00c0,
0x0000020c864c5ca0, 0x0000020c864c6330, 0x0000020c864c48f0, 0x0000020c864c4f80,
0x0000020c89e458a0, 0x0000020c89e43140, 0x0000020c89e43e60, 0x0000020c89e44b80,
0x0000020c89e45210, 0x0000020c89e42420, 0x0000020c89e48000
}

Java Threads: ( => current thread )
  0x0000020ca0090dc0 JavaThread "main"                              [_thread_blocked, id=11280, stack(0x000000140eb00000,0x000000140ec00000) (1024K)]
  0x0000020cbd853f50 JavaThread "Reference Handler"          daemon [_thread_blocked, id=29216, stack(0x000000140ef00000,0x000000140f000000) (1024K)]
  0x0000020cbd857170 JavaThread "Finalizer"                  daemon [_thread_blocked, id=19052, stack(0x000000140f000000,0x000000140f100000) (1024K)]
  0x0000020cbd85be50 JavaThread "Signal Dispatcher"          daemon [_thread_blocked, id=6128, stack(0x000000140f100000,0x000000140f200000) (1024K)]
  0x0000020cbd85fc40 JavaThread "Attach Listener"            daemon [_thread_blocked, id=3860, stack(0x000000140f200000,0x000000140f300000) (1024K)]
  0x0000020cbd861bf0 JavaThread "Service Thread"             daemon [_thread_blocked, id=31456, stack(0x000000140f300000,0x000000140f400000) (1024K)]
  0x0000020cbd864780 JavaThread "Monitor Deflation Thread"   daemon [_thread_blocked, id=32192, stack(0x000000140f400000,0x000000140f500000) (1024K)]
=>0x0000020cbd8675c0 JavaThread "C2 CompilerThread0"         daemon [_thread_in_native, id=30856, stack(0x000000140f500000,0x000000140f600000) (1024K)]
  0x0000020c802771f0 JavaThread "C1 CompilerThread0"         daemon [_thread_blocked, id=33672, stack(0x000000140f600000,0x000000140f700000) (1024K)]
  0x0000020c803fca90 JavaThread "Common-Cleaner"             daemon [_thread_blocked, id=30156, stack(0x000000140f700000,0x000000140f800000) (1024K)]
  0x0000020c8047db10 JavaThread "Notification Thread"        daemon [_thread_blocked, id=34628, stack(0x000000140f800000,0x000000140f900000) (1024K)]
  0x0000020c851c9620 JavaThread "Active Thread: Equinox Container: 09a5fd7a-33df-4ef0-bbb9-59082a3f7ddf"        [_thread_blocked, id=33200, stack(0x000000140f900000,0x000000140fa00000) (1024K)]
  0x0000020c809dfdb0 JavaThread "Refresh Thread: Equinox Container: 09a5fd7a-33df-4ef0-bbb9-59082a3f7ddf" daemon [_thread_blocked, id=26420, stack(0x000000140fa00000,0x000000140fb00000) (1024K)]
  0x0000020c80aabd80 JavaThread "Framework Event Dispatcher: Equinox Container: 09a5fd7a-33df-4ef0-bbb9-59082a3f7ddf" daemon [_thread_blocked, id=28144, stack(0x0000001410200000,0x0000001410300000) (1024K)]
  0x0000020c80aac9f0 JavaThread "Start Level: Equinox Container: 09a5fd7a-33df-4ef0-bbb9-59082a3f7ddf" daemon [_thread_blocked, id=16156, stack(0x0000001410300000,0x0000001410400000) (1024K)]
  0x0000020c80801ae0 JavaThread "Bundle File Closer"         daemon [_thread_blocked, id=31740, stack(0x0000001410500000,0x0000001410600000) (1024K)]
  0x0000020c807f7620 JavaThread "SCR Component Actor"        daemon [_thread_blocked, id=31096, stack(0x0000001410400000,0x0000001410500000) (1024K)]
  0x0000020c854d18f0 JavaThread "Worker-JM"                         [_thread_blocked, id=5088, stack(0x0000001410600000,0x0000001410700000) (1024K)]
  0x0000020c8034b020 JavaThread "JNA Cleaner"                daemon [_thread_blocked, id=9796, stack(0x0000001410700000,0x0000001410800000) (1024K)]
  0x0000020c80cf0930 JavaThread "Java indexing"              daemon [_thread_blocked, id=6016, stack(0x0000001410d00000,0x0000001410e00000) (1024K)]
  0x0000020c850b80b0 JavaThread "Thread-1"                   daemon [_thread_in_native, id=20604, stack(0x0000001411200000,0x0000001411300000) (1024K)]
  0x0000020c850b7a20 JavaThread "Thread-2"                   daemon [_thread_in_native, id=16224, stack(0x0000001411300000,0x0000001411400000) (1024K)]
  0x0000020c850b8740 JavaThread "Thread-3"                   daemon [_thread_in_native, id=30368, stack(0x0000001411400000,0x0000001411500000) (1024K)]
  0x0000020c850b9460 JavaThread "Thread-4"                   daemon [_thread_in_native, id=12976, stack(0x0000001411500000,0x0000001411600000) (1024K)]
  0x0000020c850b5fe0 JavaThread "Thread-5"                   daemon [_thread_in_native, id=4016, stack(0x0000001411600000,0x0000001411700000) (1024K)]
  0x0000020c850b9af0 JavaThread "Thread-6"                   daemon [_thread_in_native, id=12232, stack(0x0000001411700000,0x0000001411800000) (1024K)]
  0x0000020c850b6670 JavaThread "Thread-7"                   daemon [_thread_in_native, id=1940, stack(0x0000001411800000,0x0000001411900000) (1024K)]
  0x0000020c850ba180 JavaThread "Thread-8"                   daemon [_thread_in_native, id=27328, stack(0x0000001411900000,0x0000001411a00000) (1024K)]
  0x0000020c850bc250 JavaThread "Thread-9"                   daemon [_thread_in_native, id=16188, stack(0x0000001411a00000,0x0000001411b00000) (1024K)]
  0x0000020c850ba810 JavaThread "pool-2-thread-1"                   [_thread_blocked, id=23920, stack(0x0000001411b00000,0x0000001411c00000) (1024K)]
  0x0000020c850b8dd0 JavaThread "WorkspaceEventsHandler"            [_thread_blocked, id=1904, stack(0x0000001411c00000,0x0000001411d00000) (1024K)]
  0x0000020c850bc8e0 JavaThread "pool-1-thread-1"                   [_thread_blocked, id=4384, stack(0x0000001411d00000,0x0000001411e00000) (1024K)]
  0x0000020c89e444f0 JavaThread "Java Debug Server"          daemon [_thread_in_native, id=29936, stack(0x0000001410800000,0x0000001410900000) (1024K)]
  0x0000020c89e47970 JavaThread "pool-27-thread-1"                  [_thread_in_native, id=26292, stack(0x0000001410a00000,0x0000001410b00000) (1024K)]
  0x0000020c87280190 JavaThread "RxSchedulerPurge-1"         daemon [_thread_blocked, id=5492, stack(0x0000001410b00000,0x0000001410c00000) (1024K)]
  0x0000020c8727e750 JavaThread "RxCachedWorkerPoolEvictor-1" daemon [_thread_blocked, id=26152, stack(0x0000001410c00000,0x0000001410d00000) (1024K)]
  0x0000020c8727ede0 JavaThread "RxNewThreadScheduler-1"     daemon [_thread_blocked, id=11248, stack(0x0000001410e00000,0x0000001410f00000) (1024K)]
  0x0000020c8727f470 JavaThread "Packet Receive Manager"     daemon [_thread_in_native, id=17680, stack(0x0000001410f00000,0x0000001411000000) (1024K)]
  0x0000020c87280820 JavaThread "Packet Send Manager"        daemon [_thread_blocked, id=19872, stack(0x0000001411000000,0x0000001411100000) (1024K)]
  0x0000020c8727fb00 JavaThread "Event Hub"                  daemon [_thread_blocked, id=28108, stack(0x0000001411f00000,0x0000001412000000) (1024K)]
  0x0000020c864c2190 JavaThread "Cleaner-0"                  daemon [_thread_blocked, id=40164, stack(0x0000001412500000,0x0000001412600000) (1024K)]
  0x0000020c879c4ad0 JavaThread "Worker-24"                         [_thread_blocked, id=41624, stack(0x0000001412600000,0x0000001412700000) (1024K)]
  0x0000020c85427630 JavaThread "ForkJoinPool.commonPool-worker-59" daemon [_thread_blocked, id=50720, stack(0x0000001410900000,0x0000001410a00000) (1024K)]
  0x0000020c85427cc0 JavaThread "ForkJoinPool.commonPool-worker-60" daemon [_thread_blocked, id=41460, stack(0x0000001412800000,0x0000001412900000) (1024K)]
  0x0000020c85424ed0 JavaThread "ForkJoinPool.commonPool-worker-62" daemon [_thread_blocked, id=45752, stack(0x000000140ea00000,0x000000140eb00000) (1024K)]
  0x0000020c854289e0 JavaThread "ForkJoinPool.commonPool-worker-65" daemon [_thread_blocked, id=41796, stack(0x0000001412100000,0x0000001412200000) (1024K)]
  0x0000020c8542a420 JavaThread "Worker-27"                         [_thread_blocked, id=47764, stack(0x0000001412200000,0x0000001412300000) (1024K)]
  0x0000020c864c00c0 JavaThread "ForkJoinPool.commonPool-worker-67" daemon [_thread_blocked, id=50876, stack(0x000000140e900000,0x000000140ea00000) (1024K)]
  0x0000020c864c5ca0 JavaThread "ForkJoinPool.commonPool-worker-66" daemon [_thread_blocked, id=53224, stack(0x0000001411100000,0x0000001411200000) (1024K)]
  0x0000020c864c6330 JavaThread "ForkJoinPool.commonPool-worker-68" daemon [_thread_blocked, id=51484, stack(0x0000001411e00000,0x0000001411f00000) (1024K)]
  0x0000020c864c48f0 JavaThread "Compiler Source File Reader" daemon [_thread_blocked, id=19640, stack(0x0000001412000000,0x0000001412100000) (1024K)]
  0x0000020c864c4f80 JavaThread "Worker-28"                         [_thread_blocked, id=49220, stack(0x0000001412300000,0x0000001412400000) (1024K)]
  0x0000020c89e458a0 JavaThread "Compiler Processing Task"   daemon [_thread_blocked, id=42752, stack(0x0000001412400000,0x0000001412500000) (1024K)]
  0x0000020c89e43140 JavaThread "HttpClient-7-SelectorManager" daemon [_thread_in_native, id=50372, stack(0x000000140e800000,0x000000140e900000) (1024K)]
  0x0000020c89e43e60 JavaThread "HttpClient-6-SelectorManager" daemon [_thread_in_native, id=52144, stack(0x0000001412700000,0x0000001412800000) (1024K)]
  0x0000020c89e44b80 JavaThread "HttpClient-7-Worker-0"      daemon [_thread_blocked, id=49548, stack(0x0000001412a00000,0x0000001412b00000) (1024K)]
  0x0000020c89e45210 JavaThread "HttpClient-6-Worker-0"      daemon [_thread_blocked, id=49088, stack(0x0000001412b00000,0x0000001412c00000) (1024K)]
  0x0000020c89e42420 JavaThread "HttpClient-6-Worker-1"      daemon [_thread_blocked, id=47180, stack(0x0000001412c00000,0x0000001412d00000) (1024K)]
  0x0000020c89e48000 JavaThread "HttpClient-7-Worker-1"      daemon [_thread_blocked, id=53024, stack(0x0000001412d00000,0x0000001412e00000) (1024K)]
Total: 59

Other Threads:
  0x0000020ca2523b90 VMThread "VM Thread"                           [id=24016, stack(0x000000140ee00000,0x000000140ef00000) (1024K)]
  0x0000020ca24f1580 WatcherThread "VM Periodic Task Thread"        [id=22180, stack(0x000000140ed00000,0x000000140ee00000) (1024K)]
  0x0000020ca24a2020 WorkerThread "GC Thread#0"                     [id=32668, stack(0x000000140ec00000,0x000000140ed00000) (1024K)]
  0x0000020c80a31010 WorkerThread "GC Thread#1"                     [id=33564, stack(0x000000140fb00000,0x000000140fc00000) (1024K)]
  0x0000020c80b68cb0 WorkerThread "GC Thread#2"                     [id=19132, stack(0x000000140fc00000,0x000000140fd00000) (1024K)]
  0x0000020c80b69050 WorkerThread "GC Thread#3"                     [id=28212, stack(0x000000140fd00000,0x000000140fe00000) (1024K)]
  0x0000020c851dd510 WorkerThread "GC Thread#4"                     [id=21568, stack(0x000000140fe00000,0x000000140ff00000) (1024K)]
  0x0000020c851dd8b0 WorkerThread "GC Thread#5"                     [id=26060, stack(0x000000140ff00000,0x0000001410000000) (1024K)]
  0x0000020c80c1ea30 WorkerThread "GC Thread#6"                     [id=8012, stack(0x0000001410000000,0x0000001410100000) (1024K)]
  0x0000020c851d9d20 WorkerThread "GC Thread#7"                     [id=2492, stack(0x0000001410100000,0x0000001410200000) (1024K)]
Total: 10

Threads with active compile tasks:
C2 CompilerThread0  76373063 32880   !   4       org.eclipse.jdt.internal.core.search.IndexSelector::initializeIndexLocations (653 bytes)
Total: 1

VM state: at safepoint (normal execution)

VM Mutex/Monitor currently owned by a thread:  ([mutex/lock_event])
[0x00007ffc8bf4d570] Threads_lock - owner thread: 0x0000020ca2523b90
[0x00007ffc8bf4d670] Heap_lock - owner thread: 0x0000020c85427cc0
[0x00007ffc8bf4daf0] PSOldGenExpand_lock - owner thread: 0x0000020c851dd510

Heap address: 0x0000000700000000, size: 4096 MB, Compressed Oops mode: Zero based, Oop shift amount: 3

CDS archive(s) mapped at: [0x0000020cbe000000-0x0000020cbeba0000-0x0000020cbeba0000), size 12189696, SharedBaseAddress: 0x0000020cbe000000, ArchiveRelocationMode: 1.
Compressed class space mapped at: 0x0000020cbf000000-0x0000020cff000000, reserved size: 1073741824
Narrow klass base: 0x0000020cbe000000, Narrow klass shift: 0, Narrow klass range: 0x100000000

GC Precious Log:
 CardTable entry size: 512
 CPUs: 8 total, 8 available
 Memory: 16112M
 Large Page Support: Disabled
 NUMA Support: Disabled
 Compressed Oops: Enabled (Zero based)
 Alignments: Space 512K, Generation 512K, Heap 2M
 Heap Min Capacity: 100M
 Heap Initial Capacity: 100M
 Heap Max Capacity: 4G
 Pre-touch: Disabled
 Parallel Workers: 8

Heap:
 PSYoungGen      total 30720K, used 30421K [0x00000007aab00000, 0x00000007ade00000, 0x0000000800000000)
  eden space 16896K, 100% used [0x00000007aab00000,0x00000007abb80000,0x00000007abb80000)
  from space 13824K, 97% used [0x00000007ad080000,0x00000007addb5770,0x00000007ade00000)
  to   space 16384K, 38% used [0x00000007abe00000,0x00000007ac426370,0x00000007ace00000)
 ParOldGen       total 1982464K, used 1982462K [0x0000000700000000, 0x0000000779000000, 0x00000007aab00000)
  object space 1982464K, 99% used [0x0000000700000000,0x0000000778fffab8,0x0000000779000000)
 Metaspace       used 105185K, committed 107072K, reserved 1179648K
  class space    used 10776K, committed 11648K, reserved 1048576K

Card table byte_map: [0x0000020cb4680000,0x0000020cb4e90000] _byte_map_base: 0x0000020cb0e80000

Marking Bits: (ParMarkBitMap*) 0x00007ffc8bf52460
 Begin Bits: [0x0000020cb4e90000, 0x0000020cb8e90000)
 End Bits:   [0x0000020cb8e90000, 0x0000020cbce90000)

Polling page: 0x0000020ca0510000

Metaspace:

Usage:
  Non-class:     92.20 MB used.
      Class:     10.52 MB used.
       Both:    102.72 MB used.

Virtual space:
  Non-class space:      128.00 MB reserved,      93.19 MB ( 73%) committed,  2 nodes.
      Class space:        1.00 GB reserved,      11.38 MB (  1%) committed,  1 nodes.
             Both:        1.12 GB reserved,     104.56 MB (  9%) committed. 

Chunk freelists:
   Non-Class:  2.66 MB
       Class:  4.50 MB
        Both:  7.16 MB

MaxMetaspaceSize: unlimited
CompressedClassSpaceSize: 1.00 GB
Initial GC threshold: 21.00 MB
Current GC threshold: 170.88 MB
CDS: on
 - commit_granule_bytes: 65536.
 - commit_granule_words: 8192.
 - virtual_space_node_default_size: 8388608.
 - enlarge_chunks_in_place: 1.
 - use_allocation_guard: 0.


Internal statistics:

num_allocs_failed_limit: 13.
num_arena_births: 2470.
num_arena_deaths: 698.
num_vsnodes_births: 3.
num_vsnodes_deaths: 0.
num_space_committed: 1696.
num_space_uncommitted: 14.
num_chunks_returned_to_freelist: 1011.
num_chunks_taken_from_freelist: 8278.
num_chunk_merges: 276.
num_chunk_splits: 4617.
num_chunks_enlarged: 2494.
num_inconsistent_stats: 0.

CodeHeap 'non-profiled nmethods': size=120000Kb used=31037Kb max_used=37696Kb free=88963Kb
 bounds [0x0000020cad150000, 0x0000020caf630000, 0x0000020cb4680000]
CodeHeap 'profiled nmethods': size=120000Kb used=43150Kb max_used=55047Kb free=76850Kb
 bounds [0x0000020ca5680000, 0x0000020ca8c80000, 0x0000020cacbb0000]
CodeHeap 'non-nmethods': size=5760Kb used=1571Kb max_used=1640Kb free=4188Kb
 bounds [0x0000020cacbb0000, 0x0000020cace20000, 0x0000020cad150000]
CodeCache: size=245760Kb, used=75758Kb, max_used=94383Kb, free=170001Kb
 total_blobs=20764, nmethods=19883, adapters=780, full_count=0
Compilation: enabled, stopped_count=0, restarted_count=0

Compilation events (20 events):
Event: 76370.689 Thread 0x0000020c802771f0 32876       3       java.lang.invoke.LambdaForm$MH/0x0000020cbfb74400::invoke (42 bytes)
Event: 76370.690 Thread 0x0000020c802771f0 nmethod 32876 0x0000020ca731d110 code [0x0000020ca731d3a0, 0x0000020ca731e128]
Event: 76370.708 Thread 0x0000020c802771f0 32878       3       org.eclipse.jdt.internal.core.util.Util::splitTypeLevelsSignature (248 bytes)
Event: 76370.709 Thread 0x0000020c802771f0 nmethod 32878 0x0000020ca7bfcb10 code [0x0000020ca7bfcdc0, 0x0000020ca7bfe198]
Event: 76370.709 Thread 0x0000020c802771f0 32879       3       org.eclipse.jdt.core.Signature::removeCapture (7 bytes)
Event: 76370.709 Thread 0x0000020c802771f0 nmethod 32879 0x0000020ca6176d10 code [0x0000020ca6176ec0, 0x0000020ca6176fe0]
Event: 76370.723 Thread 0x0000020cbd8675c0 nmethod 32874 0x0000020caefa0790 code [0x0000020caefa0a80, 0x0000020caefa20e8]
Event: 76370.723 Thread 0x0000020cbd8675c0 32877       4       org.eclipse.jdt.internal.codeassist.select.SelectionParser::consumeToken (474 bytes)
Event: 76370.747 Thread 0x0000020cbd8675c0 nmethod 32877 0x0000020cadf9a710 code [0x0000020cadf9a9e0, 0x0000020cadf9b1d0]
Event: 76370.747 Thread 0x0000020cbd8675c0 32880   !   4       org.eclipse.jdt.internal.core.search.IndexSelector::initializeIndexLocations (653 bytes)
Event: 76371.917 Thread 0x0000020c802771f0 32882       3       org.eclipse.jdt.internal.ui.util.ASTHelper::isNodeTypeSupportedInAST (159 bytes)
Event: 76371.918 Thread 0x0000020c802771f0 nmethod 32882 0x0000020ca75e5810 code [0x0000020ca75e5a20, 0x0000020ca75e5fc0]
Event: 76371.918 Thread 0x0000020c802771f0 32883       3       org.eclipse.jdt.core.dom.SimpleName::internalGetSetObjectProperty (34 bytes)
Event: 76371.919 Thread 0x0000020c802771f0 nmethod 32883 0x0000020ca7e73090 code [0x0000020ca7e73280, 0x0000020ca7e736c0]
Event: 76371.919 Thread 0x0000020c802771f0 32884       3       org.eclipse.jdt.internal.core.dom.rewrite.ASTRewriteAnalyzer::visit (51 bytes)
Event: 76371.920 Thread 0x0000020c802771f0 nmethod 32884 0x0000020ca7759190 code [0x0000020ca7759440, 0x0000020ca7759fd0]
Event: 76371.920 Thread 0x0000020c802771f0 32885       3       org.eclipse.jdt.core.dom.SimpleName::internalGetSetBooleanProperty (58 bytes)
Event: 76371.921 Thread 0x0000020c802771f0 nmethod 32885 0x0000020ca7aed210 code [0x0000020ca7aed4c0, 0x0000020ca7aee0b8]
Event: 76371.925 Thread 0x0000020c802771f0 32886       3       org.eclipse.jdt.internal.corext.dom.ASTNodes::getFirstAncestorOrNull (37 bytes)
Event: 76371.925 Thread 0x0000020c802771f0 nmethod 32886 0x0000020ca7eb9290 code [0x0000020ca7eb9460, 0x0000020ca7eb9738]

GC Heap History (20 events):
Event: 76369.060 GC heap after
{Heap after GC invocations=3945 (full 8):
 PSYoungGen      total 12800K, used 997K [0x00000007aab00000, 0x00000007abf00000, 0x0000000800000000)
  eden space 10752K, 0% used [0x00000007aab00000,0x00000007aab00000,0x00000007ab580000)
  from space 2048K, 48% used [0x00000007abb00000,0x00000007abbf9410,0x00000007abd00000)
  to   space 1536K, 0% used [0x00000007abd80000,0x00000007abd80000,0x00000007abf00000)
 ParOldGen       total 1931776K, used 1931637K [0x0000000700000000, 0x0000000775e80000, 0x00000007aab00000)
  object space 1931776K, 99% used [0x0000000700000000,0x0000000775e5d678,0x0000000775e80000)
 Metaspace       used 105160K, committed 107008K, reserved 1179648K
  class space    used 10776K, committed 11648K, reserved 1048576K
}
Event: 76369.078 GC heap before
{Heap before GC invocations=3946 (full 8):
 PSYoungGen      total 12800K, used 11749K [0x00000007aab00000, 0x00000007abf00000, 0x0000000800000000)
  eden space 10752K, 100% used [0x00000007aab00000,0x00000007ab580000,0x00000007ab580000)
  from space 2048K, 48% used [0x00000007abb00000,0x00000007abbf9410,0x00000007abd00000)
  to   space 1536K, 0% used [0x00000007abd80000,0x00000007abd80000,0x00000007abf00000)
 ParOldGen       total 1931776K, used 1931637K [0x0000000700000000, 0x0000000775e80000, 0x00000007aab00000)
  object space 1931776K, 99% used [0x0000000700000000,0x0000000775e5d678,0x0000000775e80000)
 Metaspace       used 105162K, committed 107008K, reserved 1179648K
  class space    used 10776K, committed 11648K, reserved 1048576K
}
Event: 76369.084 GC heap after
{Heap after GC invocations=3946 (full 8):
 PSYoungGen      total 12288K, used 1528K [0x00000007aab00000, 0x00000007ac180000, 0x0000000800000000)
  eden space 10752K, 0% used [0x00000007aab00000,0x00000007aab00000,0x00000007ab580000)
  from space 1536K, 99% used [0x00000007abd80000,0x00000007abefe070,0x00000007abf00000)
  to   space 6144K, 0% used [0x00000007ab580000,0x00000007ab580000,0x00000007abb80000)
 ParOldGen       total 1935360K, used 1935215K [0x0000000700000000, 0x0000000776200000, 0x00000007aab00000)
  object space 1935360K, 99% used [0x0000000700000000,0x00000007761dbe98,0x0000000776200000)
 Metaspace       used 105162K, committed 107008K, reserved 1179648K
  class space    used 10776K, committed 11648K, reserved 1048576K
}
Event: 76369.104 GC heap before
{Heap before GC invocations=3947 (full 8):
 PSYoungGen      total 12288K, used 12280K [0x00000007aab00000, 0x00000007ac180000, 0x0000000800000000)
  eden space 10752K, 100% used [0x00000007aab00000,0x00000007ab580000,0x00000007ab580000)
  from space 1536K, 99% used [0x00000007abd80000,0x00000007abefe070,0x00000007abf00000)
  to   space 6144K, 0% used [0x00000007ab580000,0x00000007ab580000,0x00000007abb80000)
 ParOldGen       total 1935360K, used 1935215K [0x0000000700000000, 0x0000000776200000, 0x00000007aab00000)
  object space 1935360K, 99% used [0x0000000700000000,0x00000007761dbe98,0x0000000776200000)
 Metaspace       used 105176K, committed 107072K, reserved 1179648K
  class space    used 10776K, committed 11648K, reserved 1048576K
}
Event: 76369.108 GC heap after
{Heap after GC invocations=3947 (full 8):
 PSYoungGen      total 16896K, used 297K [0x00000007aab00000, 0x00000007abe00000, 0x0000000800000000)
  eden space 10752K, 0% used [0x00000007aab00000,0x00000007aab00000,0x00000007ab580000)
  from space 6144K, 4% used [0x00000007ab580000,0x00000007ab5ca400,0x00000007abb80000)
  to   space 2048K, 0% used [0x00000007abc00000,0x00000007abc00000,0x00000007abe00000)
 ParOldGen       total 1935360K, used 1935319K [0x0000000700000000, 0x0000000776200000, 0x00000007aab00000)
  object space 1935360K, 99% used [0x0000000700000000,0x00000007761f5e98,0x0000000776200000)
 Metaspace       used 105176K, committed 107072K, reserved 1179648K
  class space    used 10776K, committed 11648K, reserved 1048576K
}
Event: 76369.125 GC heap before
{Heap before GC invocations=3948 (full 8):
 PSYoungGen      total 16896K, used 11049K [0x00000007aab00000, 0x00000007abe00000, 0x0000000800000000)
  eden space 10752K, 100% used [0x00000007aab00000,0x00000007ab580000,0x00000007ab580000)
  from space 6144K, 4% used [0x00000007ab580000,0x00000007ab5ca400,0x00000007abb80000)
  to   space 2048K, 0% used [0x00000007abc00000,0x00000007abc00000,0x00000007abe00000)
 ParOldGen       total 1935360K, used 1935319K [0x0000000700000000, 0x0000000776200000, 0x00000007aab00000)
  object space 1935360K, 99% used [0x0000000700000000,0x00000007761f5e98,0x0000000776200000)
 Metaspace       used 105176K, committed 107072K, reserved 1179648K
  class space    used 10776K, committed 11648K, reserved 1048576K
}
Event: 76369.129 GC heap after
{Heap after GC invocations=3948 (full 8):
 PSYoungGen      total 12800K, used 2031K [0x00000007aab00000, 0x00000007abe00000, 0x0000000800000000)
  eden space 10752K, 0% used [0x00000007aab00000,0x00000007aab00000,0x00000007ab580000)
  from space 2048K, 99% used [0x00000007abc00000,0x00000007abdfbc90,0x00000007abe00000)
  to   space 3072K, 0% used [0x00000007ab800000,0x00000007ab800000,0x00000007abb00000)
 ParOldGen       total 1935872K, used 1935840K [0x0000000700000000, 0x0000000776280000, 0x00000007aab00000)
  object space 1935872K, 99% used [0x0000000700000000,0x0000000776278298,0x0000000776280000)
 Metaspace       used 105176K, committed 107072K, reserved 1179648K
  class space    used 10776K, committed 11648K, reserved 1048576K
}
Event: 76370.660 GC heap before
{Heap before GC invocations=3949 (full 8):
 PSYoungGen      total 12800K, used 12783K [0x00000007aab00000, 0x00000007abe00000, 0x0000000800000000)
  eden space 10752K, 99% used [0x00000007aab00000,0x00000007ab57ffe8,0x00000007ab580000)
  from space 2048K, 99% used [0x00000007abc00000,0x00000007abdfbc90,0x00000007abe00000)
  to   space 3072K, 0% used [0x00000007ab800000,0x00000007ab800000,0x00000007abb00000)
 ParOldGen       total 1935872K, used 1935840K [0x0000000700000000, 0x0000000776280000, 0x00000007aab00000)
  object space 1935872K, 99% used [0x0000000700000000,0x0000000776278298,0x0000000776280000)
 Metaspace       used 105176K, committed 107072K, reserved 1179648K
  class space    used 10776K, committed 11648K, reserved 1048576K
}
Event: 76370.666 GC heap after
{Heap after GC invocations=3949 (full 8):
 PSYoungGen      total 13824K, used 457K [0x00000007aab00000, 0x00000007abc80000, 0x0000000800000000)
  eden space 10752K, 0% used [0x00000007aab00000,0x00000007aab00000,0x00000007ab580000)
  from space 3072K, 14% used [0x00000007ab800000,0x00000007ab872400,0x00000007abb00000)
  to   space 1536K, 0% used [0x00000007abb00000,0x00000007abb00000,0x00000007abc80000)
 ParOldGen       total 1936896K, used 1936648K [0x0000000700000000, 0x0000000776380000, 0x00000007aab00000)
  object space 1936896K, 99% used [0x0000000700000000,0x00000007763422b8,0x0000000776380000)
 Metaspace       used 105176K, committed 107072K, reserved 1179648K
  class space    used 10776K, committed 11648K, reserved 1048576K
}
Event: 76370.714 GC heap before
{Heap before GC invocations=3950 (full 8):
 PSYoungGen      total 13824K, used 11208K [0x00000007aab00000, 0x00000007abc80000, 0x0000000800000000)
  eden space 10752K, 99% used [0x00000007aab00000,0x00000007ab57ffe8,0x00000007ab580000)
  from space 3072K, 14% used [0x00000007ab800000,0x00000007ab872400,0x00000007abb00000)
  to   space 1536K, 0% used [0x00000007abb00000,0x00000007abb00000,0x00000007abc80000)
 ParOldGen       total 1936896K, used 1936648K [0x0000000700000000, 0x0000000776380000, 0x00000007aab00000)
  object space 1936896K, 99% used [0x0000000700000000,0x00000007763422b8,0x0000000776380000)
 Metaspace       used 105180K, committed 107072K, reserved 1179648K
  class space    used 10776K, committed 11648K, reserved 1048576K
}
Event: 76370.721 GC heap after
{Heap after GC invocations=3950 (full 8):
 PSYoungGen      total 11776K, used 1524K [0x00000007aab00000, 0x00000007ac180000, 0x0000000800000000)
  eden space 10240K, 0% used [0x00000007aab00000,0x00000007aab00000,0x00000007ab500000)
  from space 1536K, 99% used [0x00000007abb00000,0x00000007abc7d0c0,0x00000007abc80000)
  to   space 6144K, 0% used [0x00000007ab500000,0x00000007ab500000,0x00000007abb00000)
 ParOldGen       total 1940480K, used 1940122K [0x0000000700000000, 0x0000000776700000, 0x00000007aab00000)
  object space 1940480K, 99% used [0x0000000700000000,0x00000007766a68c0,0x0000000776700000)
 Metaspace       used 105180K, committed 107072K, reserved 1179648K
  class space    used 10776K, committed 11648K, reserved 1048576K
}
Event: 76370.736 GC heap before
{Heap before GC invocations=3951 (full 8):
 PSYoungGen      total 11776K, used 11764K [0x00000007aab00000, 0x00000007ac180000, 0x0000000800000000)
  eden space 10240K, 100% used [0x00000007aab00000,0x00000007ab500000,0x00000007ab500000)
  from space 1536K, 99% used [0x00000007abb00000,0x00000007abc7d0c0,0x00000007abc80000)
  to   space 6144K, 0% used [0x00000007ab500000,0x00000007ab500000,0x00000007abb00000)
 ParOldGen       total 1940480K, used 1940122K [0x0000000700000000, 0x0000000776700000, 0x00000007aab00000)
  object space 1940480K, 99% used [0x0000000700000000,0x00000007766a68c0,0x0000000776700000)
 Metaspace       used 105180K, committed 107072K, reserved 1179648K
  class space    used 10776K, committed 11648K, reserved 1048576K
}
Event: 76370.746 GC heap after
{Heap after GC invocations=3951 (full 8):
 PSYoungGen      total 16384K, used 6126K [0x00000007aab00000, 0x00000007ad000000, 0x0000000800000000)
  eden space 10240K, 0% used [0x00000007aab00000,0x00000007aab00000,0x00000007ab500000)
  from space 6144K, 99% used [0x00000007ab500000,0x00000007abafb918,0x00000007abb00000)
  to   space 12800K, 0% used [0x00000007ac380000,0x00000007ac380000,0x00000007ad000000)
 ParOldGen       total 1945600K, used 1945171K [0x0000000700000000, 0x0000000776c00000, 0x00000007aab00000)
  object space 1945600K, 99% used [0x0000000700000000,0x0000000776b94c40,0x0000000776c00000)
 Metaspace       used 105180K, committed 107072K, reserved 1179648K
  class space    used 10776K, committed 11648K, reserved 1048576K
}
Event: 76370.771 GC heap before
{Heap before GC invocations=3952 (full 8):
 PSYoungGen      total 16384K, used 16366K [0x00000007aab00000, 0x00000007ad000000, 0x0000000800000000)
  eden space 10240K, 100% used [0x00000007aab00000,0x00000007ab500000,0x00000007ab500000)
  from space 6144K, 99% used [0x00000007ab500000,0x00000007abafb918,0x00000007abb00000)
  to   space 12800K, 0% used [0x00000007ac380000,0x00000007ac380000,0x00000007ad000000)
 ParOldGen       total 1945600K, used 1945171K [0x0000000700000000, 0x0000000776c00000, 0x00000007aab00000)
  object space 1945600K, 99% used [0x0000000700000000,0x0000000776b94c40,0x0000000776c00000)
 Metaspace       used 105180K, committed 107072K, reserved 1179648K
  class space    used 10776K, committed 11648K, reserved 1048576K
}
Event: 76370.784 GC heap after
{Heap after GC invocations=3952 (full 8):
 PSYoungGen      total 22528K, used 9935K [0x00000007aab00000, 0x00000007acd80000, 0x0000000800000000)
  eden space 12288K, 0% used [0x00000007aab00000,0x00000007aab00000,0x00000007ab700000)
  from space 10240K, 97% used [0x00000007ac380000,0x00000007acd33c70,0x00000007acd80000)
  to   space 10752K, 0% used [0x00000007ab880000,0x00000007ab880000,0x00000007ac300000)
 ParOldGen       total 1951744K, used 1951300K [0x0000000700000000, 0x0000000777200000, 0x00000007aab00000)
  object space 1951744K, 99% used [0x0000000700000000,0x0000000777191040,0x0000000777200000)
 Metaspace       used 105180K, committed 107072K, reserved 1179648K
  class space    used 10776K, committed 11648K, reserved 1048576K
}
Event: 76370.807 GC heap before
{Heap before GC invocations=3953 (full 8):
 PSYoungGen      total 22528K, used 22223K [0x00000007aab00000, 0x00000007acd80000, 0x0000000800000000)
  eden space 12288K, 100% used [0x00000007aab00000,0x00000007ab700000,0x00000007ab700000)
  from space 10240K, 97% used [0x00000007ac380000,0x00000007acd33c70,0x00000007acd80000)
  to   space 10752K, 0% used [0x00000007ab880000,0x00000007ab880000,0x00000007ac300000)
 ParOldGen       total 1951744K, used 1951300K [0x0000000700000000, 0x0000000777200000, 0x00000007aab00000)
  object space 1951744K, 99% used [0x0000000700000000,0x0000000777191040,0x0000000777200000)
 Metaspace       used 105180K, committed 107072K, reserved 1179648K
  class space    used 10776K, committed 11648K, reserved 1048576K
}
Event: 76370.820 GC heap after
{Heap after GC invocations=3953 (full 8):
 PSYoungGen      total 24576K, used 10728K [0x00000007aab00000, 0x00000007ae780000, 0x0000000800000000)
  eden space 13824K, 0% used [0x00000007aab00000,0x00000007aab00000,0x00000007ab880000)
  from space 10752K, 99% used [0x00000007ab880000,0x00000007ac2fa030,0x00000007ac300000)
  to   space 23552K, 0% used [0x00000007ad080000,0x00000007ad080000,0x00000007ae780000)
 ParOldGen       total 1962496K, used 1962085K [0x0000000700000000, 0x0000000777c80000, 0x00000007aab00000)
  object space 1962496K, 99% used [0x0000000700000000,0x0000000777c195b8,0x0000000777c80000)
 Metaspace       used 105180K, committed 107072K, reserved 1179648K
  class space    used 10776K, committed 11648K, reserved 1048576K
}
Event: 76370.840 GC heap before
{Heap before GC invocations=3954 (full 8):
 PSYoungGen      total 24576K, used 24552K [0x00000007aab00000, 0x00000007ae780000, 0x0000000800000000)
  eden space 13824K, 100% used [0x00000007aab00000,0x00000007ab880000,0x00000007ab880000)
  from space 10752K, 99% used [0x00000007ab880000,0x00000007ac2fa030,0x00000007ac300000)
  to   space 23552K, 0% used [0x00000007ad080000,0x00000007ad080000,0x00000007ae780000)
 ParOldGen       total 1962496K, used 1962085K [0x0000000700000000, 0x0000000777c80000, 0x00000007aab00000)
  object space 1962496K, 99% used [0x0000000700000000,0x0000000777c195b8,0x0000000777c80000)
 Metaspace       used 105180K, committed 107072K, reserved 1179648K
  class space    used 10776K, committed 11648K, reserved 1048576K
}
Event: 76371.857 GC heap after
{Heap after GC invocations=3954 (full 8):
 PSYoungGen      total 30720K, used 13525K [0x00000007aab00000, 0x00000007ade00000, 0x0000000800000000)
  eden space 16896K, 0% used [0x00000007aab00000,0x00000007aab00000,0x00000007abb80000)
  from space 13824K, 97% used [0x00000007ad080000,0x00000007addb5770,0x00000007ade00000)
  to   space 16384K, 0% used [0x00000007abe00000,0x00000007abe00000,0x00000007ace00000)
 ParOldGen       total 1973248K, used 1972763K [0x0000000700000000, 0x0000000778700000, 0x00000007aab00000)
  object space 1973248K, 99% used [0x0000000700000000,0x0000000778686f80,0x0000000778700000)
 Metaspace       used 105180K, committed 107072K, reserved 1179648K
  class space    used 10776K, committed 11648K, reserved 1048576K
}
Event: 76371.973 GC heap before
{Heap before GC invocations=3955 (full 8):
 PSYoungGen      total 30720K, used 30421K [0x00000007aab00000, 0x00000007ade00000, 0x0000000800000000)
  eden space 16896K, 100% used [0x00000007aab00000,0x00000007abb80000,0x00000007abb80000)
  from space 13824K, 97% used [0x00000007ad080000,0x00000007addb5770,0x00000007ade00000)
  to   space 16384K, 0% used [0x00000007abe00000,0x00000007abe00000,0x00000007ace00000)
 ParOldGen       total 1973248K, used 1972763K [0x0000000700000000, 0x0000000778700000, 0x00000007aab00000)
  object space 1973248K, 99% used [0x0000000700000000,0x0000000778686f80,0x0000000778700000)
 Metaspace       used 105185K, committed 107072K, reserved 1179648K
  class space    used 10776K, committed 11648K, reserved 1048576K
}

Dll operation events (12 events):
Event: 0.028 Loaded shared library c:\Users\l.berrio\.trae\extensions\redhat.java-1.52.0-win32-x64\jre\21.0.9-win32-x86_64\bin\java.dll
Event: 0.212 Loaded shared library c:\Users\l.berrio\.trae\extensions\redhat.java-1.52.0-win32-x64\jre\21.0.9-win32-x86_64\bin\zip.dll
Event: 0.249 Loaded shared library C:\Users\l.berrio\.trae\extensions\redhat.java-1.52.0-win32-x64\jre\21.0.9-win32-x86_64\bin\instrument.dll
Event: 0.272 Loaded shared library C:\Users\l.berrio\.trae\extensions\redhat.java-1.52.0-win32-x64\jre\21.0.9-win32-x86_64\bin\net.dll
Event: 0.286 Loaded shared library C:\Users\l.berrio\.trae\extensions\redhat.java-1.52.0-win32-x64\jre\21.0.9-win32-x86_64\bin\nio.dll
Event: 0.295 Loaded shared library C:\Users\l.berrio\.trae\extensions\redhat.java-1.52.0-win32-x64\jre\21.0.9-win32-x86_64\bin\zip.dll
Event: 0.334 Loaded shared library C:\Users\l.berrio\.trae\extensions\redhat.java-1.52.0-win32-x64\jre\21.0.9-win32-x86_64\bin\jimage.dll
Event: 0.506 Loaded shared library c:\Users\l.berrio\.trae\extensions\redhat.java-1.52.0-win32-x64\jre\21.0.9-win32-x86_64\bin\verify.dll
Event: 5.204 Loaded shared library C:\Users\l.berrio\AppData\Roaming\Trae\User\globalStorage\redhat.java\1.52.0\config_win\org.eclipse.equinox.launcher\org.eclipse.equinox.launcher.win32.win32.x86_64_1.2.1500.v20260121-1430\eclipse_11919.dll
Event: 11.330 Loaded shared library C:\Users\l.berrio\AppData\Local\Temp\jna-22893035\jna12146810521143604623.dll
Event: 17.833 Loaded shared library C:\Users\l.berrio\.trae\extensions\redhat.java-1.52.0-win32-x64\jre\21.0.9-win32-x86_64\bin\sunmscapi.dll
Event: 18.893 Loaded shared library C:\Users\l.berrio\.trae\extensions\redhat.java-1.52.0-win32-x64\jre\21.0.9-win32-x86_64\bin\extnet.dll

Deoptimization events (20 events):
Event: 76369.028 Thread 0x0000020c864c5ca0 DEOPT PACKING pc=0x0000020cae1bd54c sp=0x00000014111fdfd0
Event: 76369.028 Thread 0x0000020c864c5ca0 DEOPT UNPACKING pc=0x0000020cacc06da2 sp=0x00000014111fdfa0 mode 2
Event: 76369.060 Thread 0x0000020c85427cc0 Uncommon trap: trap_request=0xffffff66 fr.pc=0x0000020cae2055e4 relative=0x0000000000000184
Event: 76369.060 Thread 0x0000020c85427cc0 Uncommon trap: reason=speculate_class_check action=maybe_recompile pc=0x0000020cae2055e4 method=java.lang.invoke.DirectMethodHandle$Holder.invokeSpecial(Ljava/lang/Object;Ljava/lang/Object;Ljava/lang/Object;)Ljava/lang/Object; @ 11 c2
Event: 76369.060 Thread 0x0000020c85427cc0 DEOPT PACKING pc=0x0000020cae2055e4 sp=0x00000014128fe050
Event: 76369.060 Thread 0x0000020c85427cc0 DEOPT UNPACKING pc=0x0000020cacc06da2 sp=0x00000014128fdbc8 mode 2
Event: 76369.060 Thread 0x0000020c85427cc0 Uncommon trap: trap_request=0xffffff66 fr.pc=0x0000020cae24d2ec relative=0x000000000000004c
Event: 76369.060 Thread 0x0000020c85427cc0 Uncommon trap: reason=speculate_class_check action=maybe_recompile pc=0x0000020cae24d2ec method=java.lang.invoke.DirectMethodHandle$Holder.invokeSpecial(Ljava/lang/Object;Ljava/lang/Object;Ljava/lang/Object;)Ljava/lang/Object; @ 11 c2
Event: 76369.060 Thread 0x0000020c85427cc0 DEOPT PACKING pc=0x0000020cae24d2ec sp=0x00000014128fdad0
Event: 76369.061 Thread 0x0000020c85427cc0 DEOPT UNPACKING pc=0x0000020cacc06da2 sp=0x00000014128fd938 mode 2
Event: 76369.120 Thread 0x0000020c85427cc0 Uncommon trap: trap_request=0xffffff66 fr.pc=0x0000020cae2055e4 relative=0x0000000000000184
Event: 76369.120 Thread 0x0000020c85427cc0 Uncommon trap: reason=speculate_class_check action=maybe_recompile pc=0x0000020cae2055e4 method=java.lang.invoke.DirectMethodHandle$Holder.invokeSpecial(Ljava/lang/Object;Ljava/lang/Object;Ljava/lang/Object;)Ljava/lang/Object; @ 11 c2
Event: 76369.120 Thread 0x0000020c85427cc0 DEOPT PACKING pc=0x0000020cae2055e4 sp=0x00000014128fe120
Event: 76369.120 Thread 0x0000020c85427cc0 DEOPT UNPACKING pc=0x0000020cacc06da2 sp=0x00000014128fdc98 mode 2
Event: 76369.120 Thread 0x0000020c85427cc0 Uncommon trap: trap_request=0xffffff66 fr.pc=0x0000020cae24d2ec relative=0x000000000000004c
Event: 76369.120 Thread 0x0000020c85427cc0 Uncommon trap: reason=speculate_class_check action=maybe_recompile pc=0x0000020cae24d2ec method=java.lang.invoke.DirectMethodHandle$Holder.invokeSpecial(Ljava/lang/Object;Ljava/lang/Object;Ljava/lang/Object;)Ljava/lang/Object; @ 11 c2
Event: 76369.120 Thread 0x0000020c85427cc0 DEOPT PACKING pc=0x0000020cae24d2ec sp=0x00000014128fdba0
Event: 76369.120 Thread 0x0000020c85427cc0 DEOPT UNPACKING pc=0x0000020cacc06da2 sp=0x00000014128fda08 mode 2
Event: 76370.712 Thread 0x0000020c85427cc0 DEOPT PACKING pc=0x0000020ca66f58d8 sp=0x00000014128fe4c0
Event: 76370.712 Thread 0x0000020c85427cc0 DEOPT UNPACKING pc=0x0000020cacc078e2 sp=0x00000014128fd9c8 mode 0

Classes loaded (20 events):
Event: 75618.274 Loading class java/lang/Throwable$WrappedPrintWriter
Event: 75618.314 Loading class java/lang/Throwable$PrintStreamOrWriter
Event: 75618.315 Loading class java/lang/Throwable$PrintStreamOrWriter done
Event: 75618.315 Loading class java/lang/Throwable$WrappedPrintWriter done
Event: 75969.230 Loading class java/util/LinkedList$LLSpliterator
Event: 75969.234 Loading class java/util/LinkedList$LLSpliterator done
Event: 76058.801 Loading class java/util/stream/ReduceOps$5
Event: 76058.803 Loading class java/util/stream/ReduceOps$5 done
Event: 76058.803 Loading class java/util/stream/ReduceOps$CountingSink$OfRef
Event: 76058.803 Loading class java/util/stream/ReduceOps$CountingSink
Event: 76058.804 Loading class java/util/stream/ReduceOps$CountingSink done
Event: 76058.804 Loading class java/util/stream/ReduceOps$CountingSink$OfRef done
Event: 76059.005 Loading class jdk/internal/module/IllegalAccessLogger
Event: 76059.005 Loading class jdk/internal/module/IllegalAccessLogger done
Event: 76081.572 Loading class java/util/concurrent/ConcurrentHashMap$TreeNode
Event: 76081.573 Loading class java/util/concurrent/ConcurrentHashMap$TreeNode done
Event: 76081.573 Loading class java/util/concurrent/ConcurrentHashMap$TreeBin
Event: 76081.574 Loading class java/util/concurrent/ConcurrentHashMap$TreeBin done
Event: 76355.896 Loading class jdk/internal/module/IllegalAccessLogger
Event: 76355.899 Loading class jdk/internal/module/IllegalAccessLogger done

Classes unloaded (20 events):
Event: 75968.383 Thread 0x0000020ca2523b90 Unloading class 0x0000020cbf862400 'jdk/internal/reflect/GeneratedSerializationConstructorAccessor49'
Event: 75968.383 Thread 0x0000020ca2523b90 Unloading class 0x0000020cbf854400 'jdk/internal/reflect/GeneratedSerializationConstructorAccessor48'
Event: 75968.383 Thread 0x0000020ca2523b90 Unloading class 0x0000020cbf86dc00 'java/lang/invoke/LambdaForm$MH+0x0000020cbf86dc00'
Event: 75968.383 Thread 0x0000020ca2523b90 Unloading class 0x0000020cbf86e000 'jdk/internal/reflect/GeneratedSerializationConstructorAccessor47'
Event: 75968.383 Thread 0x0000020ca2523b90 Unloading class 0x0000020cbf874400 'jdk/internal/reflect/GeneratedSerializationConstructorAccessor46'
Event: 75968.383 Thread 0x0000020ca2523b90 Unloading class 0x0000020cbf86fc00 'jdk/internal/reflect/GeneratedSerializationConstructorAccessor45'
Event: 75968.383 Thread 0x0000020ca2523b90 Unloading class 0x0000020cbf880000 'jdk/internal/reflect/GeneratedSerializationConstructorAccessor44'
Event: 75968.383 Thread 0x0000020ca2523b90 Unloading class 0x0000020cbf880c00 'jdk/internal/reflect/GeneratedSerializationConstructorAccessor43'
Event: 75968.383 Thread 0x0000020ca2523b90 Unloading class 0x0000020cbf892800 'jdk/internal/reflect/GeneratedSerializationConstructorAccessor42'
Event: 75968.384 Thread 0x0000020ca2523b90 Unloading class 0x0000020cbf8f4400 'jdk/internal/reflect/GeneratedSerializationConstructorAccessor41'
Event: 75968.384 Thread 0x0000020ca2523b90 Unloading class 0x0000020cbf8f5800 'jdk/internal/reflect/GeneratedSerializationConstructorAccessor40'
Event: 75968.384 Thread 0x0000020ca2523b90 Unloading class 0x0000020cbf904800 'jdk/internal/reflect/GeneratedSerializationConstructorAccessor39'
Event: 75968.384 Thread 0x0000020ca2523b90 Unloading class 0x0000020cbf905400 'jdk/internal/reflect/GeneratedSerializationConstructorAccessor38'
Event: 75968.384 Thread 0x0000020ca2523b90 Unloading class 0x0000020cbf918000 'jdk/internal/reflect/GeneratedSerializationConstructorAccessor37'
Event: 75968.384 Thread 0x0000020ca2523b90 Unloading class 0x0000020cbf918800 'jdk/internal/reflect/GeneratedSerializationConstructorAccessor36'
Event: 75968.384 Thread 0x0000020ca2523b90 Unloading class 0x0000020cbf919800 'java/lang/invoke/LambdaForm$MH+0x0000020cbf919800'
Event: 75968.384 Thread 0x0000020ca2523b90 Unloading class 0x0000020cbf940400 'java/lang/invoke/LambdaForm$MH+0x0000020cbf940400'
Event: 75968.384 Thread 0x0000020ca2523b90 Unloading class 0x0000020cbf85a000 'java/lang/invoke/LambdaForm$MH+0x0000020cbf85a000'
Event: 75968.384 Thread 0x0000020ca2523b90 Unloading class 0x0000020cbf2a0000 'java/lang/invoke/LambdaForm$MH+0x0000020cbf2a0000'
Event: 75968.384 Thread 0x0000020ca2523b90 Unloading class 0x0000020cbf1aec00 'java/lang/invoke/LambdaForm$MH+0x0000020cbf1aec00'

Classes redefined (0 events):
No events

Internal exceptions (20 events):
Event: 76333.835 Thread 0x0000020c85427630 Implicit null exception at 0x0000020cae11f6ae to 0x0000020cae11f6ec
Event: 76334.120 Thread 0x0000020c85427cc0 Implicit null exception at 0x0000020caee402fc to 0x0000020caee40640
Event: 76334.120 Thread 0x0000020c85427630 Implicit null exception at 0x0000020caee402fc to 0x0000020caee40640
Event: 76334.134 Thread 0x0000020c85427cc0 Implicit null exception at 0x0000020cadafcdde to 0x0000020cadafcdf6
Event: 76334.254 Thread 0x0000020c85427630 Implicit null exception at 0x0000020cae3e60a4 to 0x0000020cae3e6d08
Event: 76334.254 Thread 0x0000020c85427cc0 Implicit null exception at 0x0000020cae3e60a4 to 0x0000020cae3e6d08
Event: 76334.376 Thread 0x0000020c85427630 Implicit null exception at 0x0000020cad1b2089 to 0x0000020cad1b223c
Event: 76334.376 Thread 0x0000020c85427cc0 Implicit null exception at 0x0000020cad1b2089 to 0x0000020cad1b223c
Event: 76355.633 Thread 0x0000020c80cf0930 Exception <a 'sun/nio/fs/WindowsException'{0x00000007ab5be3f0}> (0x00000007ab5be3f0) 
thrown [s\src\hotspot\share\prims\jni.cpp, line 520]
Event: 76356.107 Thread 0x0000020c80cf0930 Exception <a 'sun/nio/fs/WindowsException'{0x00000007aac2c4d0}> (0x00000007aac2c4d0) 
thrown [s\src\hotspot\share\prims\jni.cpp, line 520]
Event: 76358.886 Thread 0x0000020c879c4ad0 Exception <a 'sun/nio/fs/WindowsException'{0x00000007aac974f0}> (0x00000007aac974f0) 
thrown [s\src\hotspot\share\prims\jni.cpp, line 520]
Event: 76358.887 Thread 0x0000020c879c4ad0 Exception <a 'sun/nio/fs/WindowsException'{0x00000007aadf2480}> (0x00000007aadf2480) 
thrown [s\src\hotspot\share\prims\jni.cpp, line 520]
Event: 76358.949 Thread 0x0000020c879c4ad0 Exception <a 'java/lang/NoSuchMethodError'{0x00000007ab1123a0}: static Lorg/eclipse/m2e/core/internal/lifecyclemapping/model/PluginExecutionMetadata;.<clinit>()V> (0x00000007ab1123a0) 
thrown [s\src\hotspot\share\prims\jni.cpp, line 1111]
Event: 76358.953 Thread 0x0000020c879c4ad0 Exception <a 'java/lang/NoSuchMethodError'{0x00000007ab13a2c0}: static Lorg/eclipse/m2e/core/internal/lifecyclemapping/model/PluginExecutionFilter;.<clinit>()V> (0x00000007ab13a2c0) 
thrown [s\src\hotspot\share\prims\jni.cpp, line 1111]
Event: 76358.955 Thread 0x0000020c879c4ad0 Exception <a 'java/lang/NoSuchMethodError'{0x00000007ab176590}: static Lorg/eclipse/m2e/core/internal/project/registry/MavenProjectFacade$MavenProjectConfiguration;.<clinit>()V> (0x00000007ab176590) 
thrown [s\src\hotspot\share\prims\jni.cpp, line 1111]
Event: 76358.956 Thread 0x0000020c879c4ad0 Exception <a 'java/lang/NoSuchMethodError'{0x00000007ab196480}: static [J.<clinit>()V> (0x00000007ab196480) 
thrown [s\src\hotspot\share\prims\jni.cpp, line 1111]
Event: 76367.420 Thread 0x0000020c850bc8e0 Exception <a 'java/lang/ArrayIndexOutOfBoundsException'{0x00000007ab46ce88}> (0x00000007ab46ce88) 
thrown [s\src\hotspot\share\runtime\sharedRuntime.cpp, line 625]
Event: 76368.950 Thread 0x0000020c864c5ca0 Exception <a 'java/lang/NoSuchMethodError'{0x00000007ab488f98}: 'int java.lang.invoke.DirectMethodHandle$Holder.invokeVirtual(java.lang.Object, java.lang.Object, java.lang.Object, int)'> (0x00000007ab488f98) 
thrown [s\src\hotspot\share\interpreter\linkResolver.cpp, line 773]
Event: 76368.982 Thread 0x0000020c864c5ca0 Exception <a 'java/lang/ArrayIndexOutOfBoundsException'{0x00000007aabd6830}> (0x00000007aabd6830) 
thrown [s\src\hotspot\share\runtime\sharedRuntime.cpp, line 625]
Event: 76369.070 Thread 0x0000020c864c5ca0 Exception <a 'java/lang/ArrayIndexOutOfBoundsException'{0x00000007aaf59158}> (0x00000007aaf59158) 
thrown [s\src\hotspot\share\runtime\sharedRuntime.cpp, line 625]

ZGC Phase Switch (0 events):
No events

VM Operations (20 events):
Event: 76369.084 Executing VM operation: ParallelGCFailedAllocation (Allocation Failure) done
Event: 76369.104 Executing VM operation: ParallelGCFailedAllocation (Allocation Failure)
Event: 76369.108 Executing VM operation: ParallelGCFailedAllocation (Allocation Failure) done
Event: 76369.125 Executing VM operation: ParallelGCFailedAllocation (Allocation Failure)
Event: 76369.129 Executing VM operation: ParallelGCFailedAllocation (Allocation Failure) done
Event: 76370.140 Executing VM operation: Cleanup
Event: 76370.140 Executing VM operation: Cleanup done
Event: 76370.660 Executing VM operation: ParallelGCFailedAllocation (Allocation Failure)
Event: 76370.667 Executing VM operation: ParallelGCFailedAllocation (Allocation Failure) done
Event: 76370.714 Executing VM operation: ParallelGCFailedAllocation (Allocation Failure)
Event: 76370.721 Executing VM operation: ParallelGCFailedAllocation (Allocation Failure) done
Event: 76370.736 Executing VM operation: ParallelGCFailedAllocation (Allocation Failure)
Event: 76370.746 Executing VM operation: ParallelGCFailedAllocation (Allocation Failure) done
Event: 76370.771 Executing VM operation: ParallelGCFailedAllocation (Allocation Failure)
Event: 76370.784 Executing VM operation: ParallelGCFailedAllocation (Allocation Failure) done
Event: 76370.807 Executing VM operation: ParallelGCFailedAllocation (Allocation Failure)
Event: 76370.820 Executing VM operation: ParallelGCFailedAllocation (Allocation Failure) done
Event: 76370.840 Executing VM operation: ParallelGCFailedAllocation (Allocation Failure)
Event: 76371.857 Executing VM operation: ParallelGCFailedAllocation (Allocation Failure) done
Event: 76371.973 Executing VM operation: ParallelGCFailedAllocation (Allocation Failure)

Memory protections (0 events):
No events

Nmethod flushes (20 events):
Event: 76036.801 Thread 0x0000020ca2523b90 flushing  nmethod 0x0000020ca8a0bd10
Event: 76036.801 Thread 0x0000020ca2523b90 flushing  nmethod 0x0000020ca8a19190
Event: 76036.801 Thread 0x0000020ca2523b90 flushing  nmethod 0x0000020ca8a3ff10
Event: 76036.801 Thread 0x0000020ca2523b90 flushing  nmethod 0x0000020ca8a49d10
Event: 76036.801 Thread 0x0000020ca2523b90 flushing  nmethod 0x0000020ca8a50510
Event: 76036.801 Thread 0x0000020ca2523b90 flushing  nmethod 0x0000020ca8a50c10
Event: 76036.801 Thread 0x0000020ca2523b90 flushing  nmethod 0x0000020ca8a51390
Event: 76036.801 Thread 0x0000020ca2523b90 flushing  nmethod 0x0000020ca8a52b10
Event: 76036.801 Thread 0x0000020ca2523b90 flushing  nmethod 0x0000020ca8a54210
Event: 76036.801 Thread 0x0000020ca2523b90 flushing  nmethod 0x0000020ca8a64190
Event: 76036.801 Thread 0x0000020ca2523b90 flushing  nmethod 0x0000020ca8a6b110
Event: 76036.801 Thread 0x0000020ca2523b90 flushing  nmethod 0x0000020ca8a7f410
Event: 76036.801 Thread 0x0000020ca2523b90 flushing  nmethod 0x0000020ca8a89410
Event: 76036.801 Thread 0x0000020ca2523b90 flushing  nmethod 0x0000020ca8b29190
Event: 76036.801 Thread 0x0000020ca2523b90 flushing  nmethod 0x0000020ca8b2a610
Event: 76036.801 Thread 0x0000020ca2523b90 flushing  nmethod 0x0000020ca8b2ab10
Event: 76036.801 Thread 0x0000020ca2523b90 flushing  nmethod 0x0000020ca8b59810
Event: 76036.801 Thread 0x0000020ca2523b90 flushing  nmethod 0x0000020ca8bb4690
Event: 76036.801 Thread 0x0000020ca2523b90 flushing  nmethod 0x0000020ca8bd6790
Event: 76036.801 Thread 0x0000020ca2523b90 flushing  nmethod 0x0000020ca8bf9210

Events (20 events):
Event: 76333.506 Thread 0x0000020cbd8675c0 Thread added: 0x0000020c93645020
Event: 76334.345 Thread 0x0000020c93645020 Thread added: 0x0000020c93647230
Event: 76334.844 Thread 0x0000020c93647230 Thread exited: 0x0000020c93647230
Event: 76337.351 Thread 0x0000020c93645020 Thread exited: 0x0000020c93645020
Event: 76355.816 Thread 0x0000020c879c4ad0 Thread added: 0x0000020c864c48f0
Event: 76355.829 Thread 0x0000020c8542a420 Thread added: 0x0000020c864c4f80
Event: 76355.900 Thread 0x0000020c879c4ad0 Thread added: 0x0000020c89e458a0
Event: 76358.889 Thread 0x0000020c879c4ad0 Thread added: 0x0000020c89e43e60
Event: 76358.890 Thread 0x0000020c89e43e60 Thread exited: 0x0000020c89e43e60
Event: 76358.945 Thread 0x0000020c85426910 Thread exited: 0x0000020c85426910
Event: 76358.973 Thread 0x0000020c879c4ad0 Thread added: 0x0000020c89e44b80
Event: 76358.974 Thread 0x0000020c89e44b80 Thread exited: 0x0000020c89e44b80
Event: 76360.996 Thread 0x0000020c864c5ca0 Thread added: 0x0000020c89e43140
Event: 76360.996 Thread 0x0000020c864c6330 Thread added: 0x0000020c89e43e60
Event: 76361.244 Thread 0x0000020c89e43140 Thread added: 0x0000020c89e44b80
Event: 76361.244 Thread 0x0000020c89e43e60 Thread added: 0x0000020c89e45210
Event: 76361.245 Thread 0x0000020c89e43e60 Thread added: 0x0000020c89e42420
Event: 76361.246 Thread 0x0000020c89e43140 Thread added: 0x0000020c89e48000
Event: 76361.264 Thread 0x0000020c802771f0 Thread added: 0x0000020c936486a0
Event: 76362.422 Thread 0x0000020c936486a0 Thread exited: 0x0000020c936486a0


Dynamic libraries:
0x00007ff76fbe0000 - 0x00007ff76fbee000 	c:\Users\l.berrio\.trae\extensions\redhat.java-1.52.0-win32-x64\jre\21.0.9-win32-x86_64\bin\java.exe
0x00007ffd80920000 - 0x00007ffd80b88000 	C:\WINDOWS\SYSTEM32\ntdll.dll
0x00007ffd7f920000 - 0x00007ffd7f9e9000 	C:\WINDOWS\System32\KERNEL32.DLL
0x00007ffd7d380000 - 0x00007ffd7d771000 	C:\WINDOWS\System32\KERNELBASE.dll
0x00007ffd7dc70000 - 0x00007ffd7ddbb000 	C:\WINDOWS\System32\ucrtbase.dll
0x00007ffd6aaf0000 - 0x00007ffd6ab0e000 	c:\Users\l.berrio\.trae\extensions\redhat.java-1.52.0-win32-x64\jre\21.0.9-win32-x86_64\bin\VCRUNTIME140.dll
0x00007ffd6ab10000 - 0x00007ffd6ab28000 	c:\Users\l.berrio\.trae\extensions\redhat.java-1.52.0-win32-x64\jre\21.0.9-win32-x86_64\bin\jli.dll
0x00007ffd80480000 - 0x00007ffd80646000 	C:\WINDOWS\System32\USER32.dll
0x00007ffd7d830000 - 0x00007ffd7d857000 	C:\WINDOWS\System32\win32u.dll
0x00007ffd3d830000 - 0x00007ffd3dac3000 	C:\WINDOWS\WinSxS\amd64_microsoft.windows.common-controls_6595b64144ccf1df_6.0.26100.7824_none_3e0870b2e3345462\COMCTL32.dll
0x00007ffd80810000 - 0x00007ffd808b9000 	C:\WINDOWS\System32\msvcrt.dll
0x00007ffd803e0000 - 0x00007ffd8040b000 	C:\WINDOWS\System32\GDI32.dll
0x00007ffd7db40000 - 0x00007ffd7dc6b000 	C:\WINDOWS\System32\gdi32full.dll
0x00007ffd7d860000 - 0x00007ffd7d903000 	C:\WINDOWS\System32\msvcp_win.dll
0x00007ffd7f250000 - 0x00007ffd7f281000 	C:\WINDOWS\System32\IMM32.DLL
0x00007ffd6aae0000 - 0x00007ffd6aaec000 	c:\Users\l.berrio\.trae\extensions\redhat.java-1.52.0-win32-x64\jre\21.0.9-win32-x86_64\bin\vcruntime140_1.dll
0x00007ffd60650000 - 0x00007ffd606dd000 	c:\Users\l.berrio\.trae\extensions\redhat.java-1.52.0-win32-x64\jre\21.0.9-win32-x86_64\bin\msvcp140.dll
0x00007ffc8b290000 - 0x00007ffc8c030000 	c:\Users\l.berrio\.trae\extensions\redhat.java-1.52.0-win32-x64\jre\21.0.9-win32-x86_64\bin\server\jvm.dll
0x00007ffd80750000 - 0x00007ffd80804000 	C:\WINDOWS\System32\ADVAPI32.dll
0x00007ffd7f060000 - 0x00007ffd7f106000 	C:\WINDOWS\System32\sechost.dll
0x00007ffd7e6c0000 - 0x00007ffd7e7d8000 	C:\WINDOWS\System32\RPCRT4.dll
0x00007ffd80360000 - 0x00007ffd803d4000 	C:\WINDOWS\System32\WS2_32.dll
0x00007ffd7d060000 - 0x00007ffd7d0be000 	C:\WINDOWS\SYSTEM32\POWRPROF.dll
0x00007ffd72240000 - 0x00007ffd72275000 	C:\WINDOWS\SYSTEM32\WINMM.dll
0x00007ffd71c20000 - 0x00007ffd71c2b000 	C:\WINDOWS\SYSTEM32\VERSION.dll
0x00007ffd7d040000 - 0x00007ffd7d054000 	C:\WINDOWS\SYSTEM32\UMPDC.dll
0x00007ffd7bf60000 - 0x00007ffd7bf7b000 	C:\WINDOWS\SYSTEM32\kernel.appcore.dll
0x00007ffd66f70000 - 0x00007ffd66f7a000 	c:\Users\l.berrio\.trae\extensions\redhat.java-1.52.0-win32-x64\jre\21.0.9-win32-x86_64\bin\jimage.dll
0x00007ffd7b0f0000 - 0x00007ffd7b332000 	C:\WINDOWS\SYSTEM32\DBGHELP.DLL
0x00007ffd7e950000 - 0x00007ffd7ecd6000 	C:\WINDOWS\System32\combase.dll
0x00007ffd7ece0000 - 0x00007ffd7edb7000 	C:\WINDOWS\System32\OLEAUT32.dll
0x00007ffd63980000 - 0x00007ffd639bb000 	C:\WINDOWS\SYSTEM32\dbgcore.DLL
0x00007ffd7d780000 - 0x00007ffd7d825000 	C:\WINDOWS\System32\bcryptPrimitives.dll
0x00007ffd61480000 - 0x00007ffd6148f000 	c:\Users\l.berrio\.trae\extensions\redhat.java-1.52.0-win32-x64\jre\21.0.9-win32-x86_64\bin\instrument.dll
0x00007ffd60da0000 - 0x00007ffd60dc0000 	c:\Users\l.berrio\.trae\extensions\redhat.java-1.52.0-win32-x64\jre\21.0.9-win32-x86_64\bin\java.dll
0x00007ffd7fbd0000 - 0x00007ffd80322000 	C:\WINDOWS\System32\SHELL32.dll
0x00007ffd7d910000 - 0x00007ffd7da7a000 	C:\WINDOWS\System32\wintypes.dll
0x00007ffd7ddc0000 - 0x00007ffd7e623000 	C:\WINDOWS\System32\windows.storage.dll
0x00007ffd80650000 - 0x00007ffd80746000 	C:\WINDOWS\System32\SHCORE.dll
0x00007ffd7fa90000 - 0x00007ffd7faf7000 	C:\WINDOWS\System32\shlwapi.dll
0x00007ffd7d120000 - 0x00007ffd7d149000 	C:\WINDOWS\SYSTEM32\profapi.dll
0x00007ffd66f30000 - 0x00007ffd66f48000 	c:\Users\l.berrio\.trae\extensions\redhat.java-1.52.0-win32-x64\jre\21.0.9-win32-x86_64\bin\zip.dll
0x00007ffd61610000 - 0x00007ffd61620000 	C:\Users\l.berrio\.trae\extensions\redhat.java-1.52.0-win32-x64\jre\21.0.9-win32-x86_64\bin\net.dll
0x00007ffd6c070000 - 0x00007ffd6c197000 	C:\WINDOWS\SYSTEM32\WINHTTP.dll
0x00007ffd7c4b0000 - 0x00007ffd7c51b000 	C:\WINDOWS\system32\mswsock.dll
0x00007ffd60c00000 - 0x00007ffd60c16000 	C:\Users\l.berrio\.trae\extensions\redhat.java-1.52.0-win32-x64\jre\21.0.9-win32-x86_64\bin\nio.dll
0x00007ffd61600000 - 0x00007ffd61610000 	c:\Users\l.berrio\.trae\extensions\redhat.java-1.52.0-win32-x64\jre\21.0.9-win32-x86_64\bin\verify.dll
0x00007ffd52cd0000 - 0x00007ffd52d15000 	C:\Users\l.berrio\AppData\Roaming\Trae\User\globalStorage\redhat.java\1.52.0\config_win\org.eclipse.equinox.launcher\org.eclipse.equinox.launcher.win32.win32.x86_64_1.2.1500.v20260121-1430\eclipse_11919.dll
0x00007ffd7eec0000 - 0x00007ffd7f057000 	C:\WINDOWS\System32\ole32.dll
0x00007ffd7c8a0000 - 0x00007ffd7c8bb000 	C:\WINDOWS\SYSTEM32\CRYPTSP.dll
0x00007ffd7bec0000 - 0x00007ffd7bef9000 	C:\WINDOWS\system32\rsaenh.dll
0x00007ffd7c560000 - 0x00007ffd7c58b000 	C:\WINDOWS\SYSTEM32\USERENV.dll
0x00007ffd7d0f0000 - 0x00007ffd7d11a000 	C:\WINDOWS\SYSTEM32\bcrypt.dll
0x00007ffd7c700000 - 0x00007ffd7c70c000 	C:\WINDOWS\SYSTEM32\CRYPTBASE.dll
0x00007ffd7b700000 - 0x00007ffd7b734000 	C:\WINDOWS\SYSTEM32\IPHLPAPI.DLL
0x00007ffd7f900000 - 0x00007ffd7f90a000 	C:\WINDOWS\System32\NSI.dll
0x00007ffd4e320000 - 0x00007ffd4e369000 	C:\Users\l.berrio\AppData\Local\Temp\jna-22893035\jna12146810521143604623.dll
0x00007ffd80470000 - 0x00007ffd80478000 	C:\WINDOWS\System32\PSAPI.DLL
0x00007ffd71e40000 - 0x00007ffd71e5e000 	C:\WINDOWS\SYSTEM32\dhcpcsvc6.DLL
0x00007ffd71e10000 - 0x00007ffd71e33000 	C:\WINDOWS\SYSTEM32\dhcpcsvc.DLL
0x00007ffd61470000 - 0x00007ffd6147e000 	C:\Users\l.berrio\.trae\extensions\redhat.java-1.52.0-win32-x64\jre\21.0.9-win32-x86_64\bin\sunmscapi.dll
0x00007ffd7d200000 - 0x00007ffd7d377000 	C:\WINDOWS\System32\CRYPT32.dll
0x00007ffd7ca00000 - 0x00007ffd7ca30000 	C:\WINDOWS\SYSTEM32\ncrypt.dll
0x00007ffd7c9b0000 - 0x00007ffd7c9ef000 	C:\WINDOWS\SYSTEM32\NTASN1.dll
0x00007ffd7b740000 - 0x00007ffd7b86c000 	C:\WINDOWS\SYSTEM32\DNSAPI.dll
0x00007ffd71cf0000 - 0x00007ffd71cfb000 	C:\Windows\System32\rasadhlp.dll
0x00007ffd73d00000 - 0x00007ffd73d86000 	C:\WINDOWS\System32\fwpuclnt.dll
0x00007ffd60d40000 - 0x00007ffd60d49000 	C:\Users\l.berrio\.trae\extensions\redhat.java-1.52.0-win32-x64\jre\21.0.9-win32-x86_64\bin\extnet.dll
0x00007ffd7c080000 - 0x00007ffd7c0b6000 	C:\WINDOWS\SYSTEM32\ntmarta.dll
0x00007ffd11350000 - 0x00007ffd11358000 	C:\WINDOWS\system32\wshunix.dll

JVMTI agents:
c:\Users\l.berrio\.trae\extensions\redhat.java-1.52.0-win32-x64\lombok\lombok-1.18.39-4050.jar path:c:\Users\l.berrio\.trae\extensions\redhat.java-1.52.0-win32-x64\jre\21.0.9-win32-x86_64\bin\instrument.dll, loaded, initialized, instrumentlib options:none

dbghelp: loaded successfully - version: 4.0.5 - missing functions: none
symbol engine: initialized successfully - sym options: 0x614 - pdb path: .;c:\Users\l.berrio\.trae\extensions\redhat.java-1.52.0-win32-x64\jre\21.0.9-win32-x86_64\bin;C:\WINDOWS\SYSTEM32;C:\WINDOWS\WinSxS\amd64_microsoft.windows.common-controls_6595b64144ccf1df_6.0.26100.7824_none_3e0870b2e3345462;c:\Users\l.berrio\.trae\extensions\redhat.java-1.52.0-win32-x64\jre\21.0.9-win32-x86_64\bin\server;C:\Users\l.berrio\AppData\Roaming\Trae\User\globalStorage\redhat.java\1.52.0\config_win\org.eclipse.equinox.launcher\org.eclipse.equinox.launcher.win32.win32.x86_64_1.2.1500.v20260121-1430;C:\Users\l.berrio\AppData\Local\Temp\jna-22893035

VM Arguments:
jvm_args: --add-modules=ALL-SYSTEM --add-opens=java.base/java.util=ALL-UNNAMED --add-opens=java.base/java.lang=ALL-UNNAMED --add-opens=java.base/sun.nio.fs=ALL-UNNAMED -Declipse.application=org.eclipse.jdt.ls.core.id1 -Dosgi.bundles.defaultStartLevel=4 -Declipse.product=org.eclipse.jdt.ls.core.product -Djava.import.generatesMetadataFilesAtProjectRoot=false -DDetectVMInstallationsJob.disabled=true -Dfile.encoding=utf8 -XX:+UseParallelGC -XX:GCTimeRatio=4 -XX:AdaptiveSizePolicyWeight=90 -Dsun.zip.disableMemoryMapping=true -Xmx4G -Xms100m -Xlog:disable -javaagent:c:\Users\l.berrio\.trae\extensions\redhat.java-1.52.0-win32-x64\lombok\lombok-1.18.39-4050.jar -XX:+HeapDumpOnOutOfMemoryError -XX:HeapDumpPath=c:\Users\l.berrio\AppData\Roaming\Trae\User\workspaceStorage\c916545acdffd9926c3f3515752457de\redhat.java -Daether.dependencyCollector.impl=bf 
java_command: c:\Users\l.berrio\.trae\extensions\redhat.java-1.52.0-win32-x64\server\plugins\org.eclipse.equinox.launcher_1.7.100.v20251111-0406.jar -configuration c:\Users\l.berrio\AppData\Roaming\Trae\User\globalStorage\redhat.java\1.52.0\config_win -data c:\Users\l.berrio\AppData\Roaming\Trae\User\workspaceStorage\c916545acdffd9926c3f3515752457de\redhat.java\jdt_ws --pipe=\\.\pipe\lsp-ca2568970dbaeb82e8b8f02f79431893-sock
java_class_path (initial): c:\Users\l.berrio\.trae\extensions\redhat.java-1.52.0-win32-x64\server\plugins\org.eclipse.equinox.launcher_1.7.100.v20251111-0406.jar
Launcher Type: SUN_STANDARD

[Global flags]
    uintx AdaptiveSizePolicyWeight                 = 90                                        {product} {command line}
     intx CICompilerCount                          = 4                                         {product} {ergonomic}
    uintx GCTimeRatio                              = 4                                         {product} {command line}
     bool HeapDumpOnOutOfMemoryError               = true                                   {manageable} {command line}
    ccstr HeapDumpPath                             = c:\Users\l.berrio\AppData\Roaming\Trae\User\workspaceStorage\c916545acdffd9926c3f3515752457de\redhat.java         {manageable} {command line}
   size_t InitialHeapSize                          = 104857600                                 {product} {command line}
   size_t MaxHeapSize                              = 4294967296                                {product} {command line}
   size_t MaxNewSize                               = 1431306240                                {product} {ergonomic}
   size_t MinHeapDeltaBytes                        = 524288                                    {product} {ergonomic}
   size_t MinHeapSize                              = 104857600                                 {product} {command line}
   size_t NewSize                                  = 34603008                                  {product} {ergonomic}
    uintx NonNMethodCodeHeapSize                   = 5839372                                {pd product} {ergonomic}
    uintx NonProfiledCodeHeapSize                  = 122909434                              {pd product} {ergonomic}
   size_t OldSize                                  = 70254592                                  {product} {ergonomic}
    uintx ProfiledCodeHeapSize                     = 122909434                              {pd product} {ergonomic}
    uintx ReservedCodeCacheSize                    = 251658240                              {pd product} {ergonomic}
     bool SegmentedCodeCache                       = true                                      {product} {ergonomic}
   size_t SoftMaxHeapSize                          = 4294967296                             {manageable} {ergonomic}
     bool UseCompressedOops                        = true                           {product lp64_product} {ergonomic}
     bool UseLargePagesIndividualAllocation        = false                                  {pd product} {ergonomic}
     bool UseParallelGC                            = true                                      {product} {command line}

Logging:
Log output configuration:
 #0: stdout all=off uptime,level,tags foldmultilines=false
 #1: stderr all=off uptime,level,tags foldmultilines=false

Release file:
JAVA_VERSION="21.0.9" 
MODULES="java.base java.compiler java.datatransfer java.xml java.prefs java.desktop java.instrument java.logging java.management java.security.sasl java.naming java.rmi java.management.rmi java.net.http java.scripting java.security.jgss java.transaction.xa java.sql java.sql.rowset java.xml.crypto java.se java.smartcardio jdk.accessibility jdk.internal.jvmstat jdk.attach jdk.charsets jdk.internal.opt jdk.zipfs jdk.compiler jdk.crypto.ec jdk.crypto.cryptoki jdk.crypto.mscapi jdk.dynalink jdk.internal.ed jdk.editpad jdk.hotspot.agent jdk.httpserver jdk.internal.le jdk.internal.vm.ci jdk.internal.vm.compiler jdk.internal.vm.compiler.management jdk.jartool jdk.javadoc jdk.jcmd jdk.management jdk.management.agent jdk.jconsole jdk.jdeps jdk.jdwp.agent jdk.jdi jdk.jfr jdk.jshell jdk.jsobject jdk.jstatd jdk.localedata jdk.management.jfr jdk.naming.dns jdk.naming.rmi jdk.net jdk.nio.mapmode jdk.random jdk.sctp jdk.security.auth jdk.security.jgss jdk.unsupported jdk.unsupported.desktop jdk.xml.dom" 

Environment Variables:
JAVA_HOME=C:\Program Files\Java\jdk-21
PATH=C:\Users\l.berrio\.trae\tools\gradle\latest\bin;C:\Program Files\Java\jdk-21\bin;C:\Users\l.berrio\.trae\tools\maven\latest\bin;c:\Users\l.berrio\.trae\tools\trae-gopls\current;c:\Users\l.berrio\.trae\sdks\workspaces\c916545a\versions\node\current;c:\Users\l.berrio\.trae\sdks\versions\node\current;C:\Program Files\Common Files\Oracle\Java\javapath;C:\Program Files\Microsoft MPI\Bin\;C:\Program Files (x86)\Common Files\Oracle\Java\javapath;C:\Windows\system32;C:\Windows;C:\Windows\System32\Wbem;C:\Windows\System32\WindowsPowerShell\v1.0\;C:\Windows\System32\OpenSSH\;C:\Program Files\Microsoft SQL Server\Client SDK\ODBC\170\Tools\Binn\;C:\Program Files (x86)\Microsoft SQL Server\150\Tools\Binn\;C:\Program Files\Microsoft SQL Server\150\Tools\Binn\;C:\Program Files\Microsoft SQL Server\150\DTS\Binn\;C:\Program Files\Java\jdk1.8.0_202\bin;C:\Program Files (x86)\Microsoft SQL Server\150\DTS\Binn\;C:\Program Files\Azure Data Studio\bin;C:\Program Files\dotnet\;C:\laragon\bin\php\php-8.1.10-Win32-vs16-x64;C:\ProgramData\ComposerSetup\bin;C:\Program Files\PuTTY\;C:\Program Files\Git\cmd;C:\Program Files (x86)\Microsoft SQL Server\160\DTS\Binn\;C:\Users\jh.gonzalez\AppData\Local\Programs\Python\Python311\;C:\Users\jh.gonzalez\AppData\Local\Programs\Python\Python311\Scripts\;C:\Program Files\Amazon\AWSCLIV2\;C:\Program Files\Java\jdk-21\bin;C:\Program Files\Java\jdk-21\jre\bin;C:\usr\bin;C:\Program Files\apache-maven-3.9.9\bin;C:\WINDOWS\system32;C:\WINDOWS;C:\WINDOWS\System32\Wbem;C:\WINDOWS\System32\WindowsPowerShell\v1.0\;C:\WINDOWS\System32\OpenSSH\;C:\Program Files (x86)\ZeroTier\One\;C:\Program Files\cursor\resources\app\bin;C:\kotlinc\bin;C:\Users\l.berrio\AppData\Local\nvm;C:\nvm4w\nodejs;c:\Users\l.berrio\AppData\Local\Programs\Trae\bin;C:\Program Files\MySQL\MySQL Shell 8.0\bin\;C:\Users\l.berrio\AppData\Local\Microsoft\WindowsApps;C:\Users\l.berrio\AppData\Local\Programs\Microsoft VS Code\bin;C:\Users\l.berrio\AppData\Local\GitHubDesktop\bin;C:\Users\l.berrio\AppData\Roaming\npm;C:\Users\l.berrio\AppData\Local\JetBrains\IntelliJ IDEA Community Edition 2024.3.2.1\bin;;C:\Users\l.berrio\.dotnet\tools;C:\Users\l.berrio\AppData\Local\Programs\Antigravity\bin;C:\Users\l.berrio\AppData\Local\nvm;C:\nvm4w\nodejs;c:\Users\l.berrio\AppData\Local\Programs\Trae\resources\app\bin\lib
USERNAME=l.berrio
OS=Windows_NT
PROCESSOR_IDENTIFIER=Intel64 Family 6 Model 140 Stepping 1, GenuineIntel
TMP=C:\Users\L4F90~1.BER\AppData\Local\Temp
TEMP=C:\Users\L4F90~1.BER\AppData\Local\Temp




Periodic native trim disabled

---------------  S Y S T E M  ---------------

OS:
 Windows 11 , 64 bit Build 26100 (10.0.26100.7705)
OS uptime: 2 days 20:05 hours
Hyper-V role detected

CPU: total 8 (initial active 8) (4 cores per cpu, 2 threads per core) family 6 model 140 stepping 1 microcode 0xbc, cx8, cmov, fxsr, ht, mmx, 3dnowpref, sse, sse2, sse3, ssse3, sse4.1, sse4.2, popcnt, lzcnt, tsc, tscinvbit, avx, avx2, aes, erms, clmul, bmi1, bmi2, adx, avx512f, avx512dq, avx512cd, avx512bw, avx512vl, sha, fma, vzeroupper, avx512_vpopcntdq, avx512_vpclmulqdq, avx512_vaes, avx512_vnni, clflush, clflushopt, clwb, avx512_vbmi2, avx512_vbmi, hv, rdtscp, rdpid, fsrm, gfni, avx512_bitalg, f16c, cet_ibt, cet_ss, avx512_ifma
Processor Information for the first 8 processors :
  Max Mhz: 2803, Current Mhz: 2803, Mhz Limit: 2803

Memory: 4k page, system-wide physical 16112M (4049M free)
TotalPageFile size 40263M (AvailPageFile size 0M)
current process WorkingSet (physical memory assigned to process): 991M, peak: 1395M
current process commit charge ("private bytes"): 2511M, peak: 3282M

vm_info: OpenJDK 64-Bit Server VM (21.0.9+10-LTS) for windows-amd64 JRE (21.0.9+10-LTS), built on 2025-10-21T00:00:00Z by "admin" with unknown MS VC++:1942

END.
